=== PARITY MONITOR — pipeline UI vs cricbuzz ===
WS:  ws://localhost:8765
CB:  https://www.cricbuzz.com/live-cricket-scores/151818/srh-vs-csk-27th-match-indian-premier-league-2026

[19:58:19  iter#1]
  WS ERR: "Multiple exceptions: [Errno 61] Connect call failed ('::1', 8765, 0, 0), [Errno 61] Connect call failed ('127.0.0.1', 8765)"
  CB: SRH 75-2 (6)  crr=12.5  ps=0(1)  recent=4 0 4 4 W W
  CB BAT: Abhishek Sharma* 50(15), Matthew Short 3(0)
  CB BOWL: Mukesh Choudhary 2-21 (2)
  LAST WKT: Ishan Kishan  c Ruturaj Gaikwad b Mukesh Choudhary 0(1)  - 75/2 in 5.6 ov.
  ⚠ DIVERGENCE: BATTERS_MISSING_IN_UI: {'sharma', 'short'} (ui=set(), cb={'sharma', 'short'}) | BOWLER: ui=None cb=Mukesh Choudhary

[19:58:40  iter#2]
  UI: Sunrisers Hyderabad None-None (None)  str=None nstr=None  bowl=None None-None (None)
  this_over=[]  fow=0 (unk=0)  last_fow=None
  delivery: (none yet on UI)
  extras: this_over=0 innings=0 [w0/nb0/b0/lb0]
  CB: SRH 75-2 (6)  crr=12.5  ps=0(1)  recent=...
  CB BAT: Abhishek Sharma* 50(15), Matthew Short 3(0)
  CB BOWL: Mukesh Choudhary 2-21 (2)
  LAST WKT: Ishan Kishan  c Ruturaj Gaikwad b Mukesh Choudhary 0(1)  - 75/2 in 5.6 ov.
  ⚠ DIVERGENCE: BATTERS_MISSING_IN_UI: {'sharma', 'short'} (ui=set(), cb={'sharma', 'short'}) | BOWLER: ui=None cb=Mukesh Choudhary

[19:59:01  iter#3]
  UI: Sunrisers Hyderabad None-None (None)  str=None nstr=None  bowl=None None-None (None)
  this_over=[]  fow=0 (unk=0)  last_fow=None
  delivery: (none yet on UI)
  extras: this_over=0 innings=0 [w0/nb0/b0/lb0]
  CB: SRH 75-2 (6)  crr=12.5  ps=0(0)  recent=...
  CB BAT: Abhishek Sharma* 50(15), Heinrich Klaasen 0(0)
  CB BOWL: Mukesh Choudhary 2-21 (2)
  LAST WKT: Ishan Kishan  c Ruturaj Gaikwad b Mukesh Choudhary 0(1)  - 75/2 in 5.6 ov.
  ⚠ DIVERGENCE: BATTERS_MISSING_IN_UI: {'sharma', 'klaasen'} (ui=set(), cb={'sharma', 'klaasen'}) | BOWLER: ui=None cb=Mukesh Choudhary

[19:59:22  iter#4]
  UI: Sunrisers Hyderabad None-None (None)  str=Abhishek Sharma nstr=Travis Head  bowl=None None-None (None)
  this_over=[]  fow=0 (unk=0)  last_fow=None
  delivery: (none yet on UI)
  extras: this_over=0 innings=0 [w0/nb0/b0/lb0]
  CB: SRH 75-2 (6)  crr=12.5  ps=0(0)  recent=...
  CB BAT: Abhishek Sharma* 50(15), Heinrich Klaasen 0(0)
  CB BOWL: Mukesh Choudhary 2-21 (2)
  LAST WKT: Ishan Kishan  c Ruturaj Gaikwad b Mukesh Choudhary 0(1)  - 75/2 in 5.6 ov.
  ⚠ DIVERGENCE: BATTERS_MISSING_IN_UI: {'klaasen'} (ui={'sharma', 'head'}, cb={'sharma', 'klaasen'}) | BAT_sharma: ui=None(None) cb=50(15) | BOWLER: ui=None cb=Mukesh Choudhary

[19:59:43  iter#5]
  UI: Sunrisers Hyderabad 75-2 (6.0)  str=Abhishek Sharma nstr=Heinrich Klaasen  bowl=None None-None (None)
  this_over=[]  fow=2 (unk=0)  last_fow={'wicket': 2, 'batter': 'Abhishek Sharma', 'score': 75, 'overs': '6.0'}
  delivery: (none yet on UI)
  extras: this_over=0 innings=0 [w0/nb0/b0/lb0]
  CB: SRH 79-2 (6.1)  crr=12.81  ps=4(1)  recent=
  CB BAT: Abhishek Sharma* 50(16), Heinrich Klaasen 0(0)
  CB BOWL: Mukesh Choudhary 2-21 (2)
  LAST WKT: Ishan Kishan  c Ruturaj Gaikwad b Mukesh Choudhary 0(1)  - 75/2 in 5.6 ov.
  ⚠ DIVERGENCE: SCORE: ui=75 cb=79 | OVERS: ui=6.0 cb=6.1 | BAT_sharma: ui=50(15) cb=50(16) | BOWLER: ui=None cb=Mukesh Choudhary

[20:00:04  iter#6]
  UI: Sunrisers Hyderabad 79-2 (6.1)  str=Abhishek Sharma nstr=Heinrich Klaasen  bowl=None None-None (None)
  this_over=['4']  fow=2 (unk=0)  last_fow={'wicket': 2, 'batter': 'Abhishek Sharma', 'score': 75, 'overs': '6.0'}
  delivery: len=unknown line=unknown shot=along_ground [vlm]
  extras: this_over=0 innings=0 [w0/nb0/b0/lb0]
  CB: SRH 79-2 (6.1)  crr=12.81  ps=4(1)  recent=
  CB BAT: Abhishek Sharma* 50(16), Heinrich Klaasen 0(0)
  CB BOWL: Mukesh Choudhary 2-21 (2)
  LAST WKT: Ishan Kishan  c Ruturaj Gaikwad b Mukesh Choudhary 0(1)  - 75/2 in 5.6 ov.
  ⚠ DIVERGENCE: BOWLER: ui=None cb=Mukesh Choudhary

[20:00:27  iter#7]
  UI: Sunrisers Hyderabad 80-2 (6.1)  str=Abhishek Sharma nstr=Heinrich Klaasen  bowl=None None-None (None)
  this_over=['4']  fow=2 (unk=0)  last_fow={'wicket': 2, 'batter': 'Abhishek Sharma', 'score': 75, 'overs': '6.0'}
  delivery: len=unknown line=unknown shot=along_ground [vlm]
  extras: this_over=0 innings=0 [w0/nb0/b0/lb0]
  CB: SRH 80-2 (6.1)  crr=12.97  ps=5(1)  recent=
  CB BAT: Abhishek Sharma* 50(16), Heinrich Klaasen 0(0)
  CB BOWL: Mukesh Choudhary 2-21 (2)
  LAST WKT: Ishan Kishan  c Ruturaj Gaikwad b Mukesh Choudhary 0(1)  - 75/2 in 5.6 ov.
  ⚠ DIVERGENCE: BOWLER: ui=None cb=Mukesh Choudhary

[20:00:49  iter#8]
  UI: Sunrisers Hyderabad 81-2 (6.2)  str=Heinrich Klaasen nstr=Abhishek Sharma  bowl=None None-None (None)
  this_over=['4', '1']  fow=2 (unk=0)  last_fow={'wicket': 2, 'batter': 'Abhishek Sharma', 'score': 75, 'overs': '6.0'}
  delivery: len=short line=unknown shot=along_ground [vlm]
  extras: this_over=0 innings=0 [w0/nb0/b0/lb0]
  CB: SRH 81-2 (6.2)  crr=12.79  ps=6(2)  recent=... 4 6 6
  CB BAT: Heinrich Klaasen* 0(0), Abhishek Sharma 51(17)
  CB BOWL: Mukesh Choudhary 2-21 (2)
  LAST WKT: Ishan Kishan  c Ruturaj Gaikwad b Mukesh Choudhary 0(1)  - 75/2 in 5.6 ov.
  ⚠ DIVERGENCE: BOWLER: ui=None cb=Mukesh Choudhary

[20:01:12  iter#9]
  UI: Sunrisers Hyderabad 81-2 (6.2)  str=Heinrich Klaasen nstr=Abhishek Sharma  bowl=None None-None (None)
  this_over=['4', '1']  fow=2 (unk=0)  last_fow={'wicket': 2, 'batter': 'Abhishek Sharma', 'score': 75, 'overs': '6.0'}
  delivery: len=short line=unknown shot=along_ground [vlm]
  extras: this_over=0 innings=0 [w0/nb0/b0/lb0]
  CB: SRH 81-2 (6.3)  crr=12.46  ps=6(3)  recent=
  CB BAT: Heinrich Klaasen* 0(1), Abhishek Sharma 51(17)
  CB BOWL: Mukesh Choudhary 2-21 (2)
  LAST WKT: Ishan Kishan  c Ruturaj Gaikwad b Mukesh Choudhary 0(1)  - 75/2 in 5.6 ov.
  ⚠ DIVERGENCE: OVERS: ui=6.2 cb=6.3 | BAT_klaasen: ui=44(18) cb=0(1) | BOWLER: ui=None cb=Mukesh Choudhary

[20:01:36  iter#10]
  WS ERR: ''
  CB: SRH 82-2 (6.4)  crr=12.3  ps=7(4)  recent=
  CB BAT: Abhishek Sharma* 51(17), Heinrich Klaasen 1(2)
  CB BOWL: Mukesh Choudhary 2-21 (2)
  LAST WKT: Ishan Kishan  c Ruturaj Gaikwad b Mukesh Choudhary 0(1)  - 75/2 in 5.6 ov.
  ⚠ DIVERGENCE: BATTERS_MISSING_IN_UI: {'sharma', 'klaasen'} (ui=set(), cb={'sharma', 'klaasen'}) | BOWLER: ui=None cb=Mukesh Choudhary

[20:02:04  iter#11]
  WS ERR: ''
  CB: SRH 82-2 (6.4)  crr=12.3  ps=7(4)  recent=
  CB BAT: Abhishek Sharma* 51(17), Heinrich Klaasen 1(2)
  CB BOWL: Mukesh Choudhary 2-21 (2)
  LAST WKT: Ishan Kishan  c Ruturaj Gaikwad b Mukesh Choudhary 0(1)  - 75/2 in 5.6 ov.
  ⚠ DIVERGENCE: BATTERS_MISSING_IN_UI: {'sharma', 'klaasen'} (ui=set(), cb={'sharma', 'klaasen'}) | BOWLER: ui=None cb=Mukesh Choudhary

[20:02:26  iter#12]
  UI: Sunrisers Hyderabad 82-2 (6.4)  str=Heinrich Klaasen nstr=Abhishek Sharma  bowl=Noor Ahmad 0-3 (0.4)
  this_over=['4', '1', '.', '.']  fow=2 (unk=0)  last_fow={'wicket': 2, 'batter': 'Abhishek Sharma', 'score': 75, 'overs': '6.0'}
  delivery: len=unknown line=unknown shot=defended [vlm]
  extras: this_over=0 innings=0 [w0/nb0/b0/lb0]
  CB: SRH 83-2 (6.5)  crr=12.15  ps=8(5)  recent=
  CB BAT: Heinrich Klaasen* 1(2), Abhishek Sharma 52(18)
  CB BOWL: Mukesh Choudhary 2-21 (2)
  LAST WKT: Ishan Kishan  c Ruturaj Gaikwad b Mukesh Choudhary 0(1)  - 75/2 in 5.6 ov.
  ⚠ DIVERGENCE: SCORE: ui=82 cb=83 | OVERS: ui=6.4 cb=6.5 | BAT_klaasen: ui=44(18) cb=1(2) | BAT_sharma: ui=51(17) cb=52(18) | BOWLER: ui=Noor Ahmad cb=Mukesh Choudhary

[20:02:51  iter#13]
  WS ERR: ''
  CB: SRH 83-2 (6.5)  crr=12.15  ps=8(5)  recent=
  CB BAT: Heinrich Klaasen* 1(2), Abhishek Sharma 52(18)
  CB BOWL: Mukesh Choudhary 2-21 (2)
  LAST WKT: Ishan Kishan  c Ruturaj Gaikwad b Mukesh Choudhary 0(1)  - 75/2 in 5.6 ov.
  ⚠ DIVERGENCE: BATTERS_MISSING_IN_UI: {'sharma', 'klaasen'} (ui=set(), cb={'sharma', 'klaasen'}) | BOWLER: ui=None cb=Mukesh Choudhary

[20:03:12  iter#14]
  UI: Sunrisers Hyderabad 83-2 (6.5)  str=Abhishek Sharma nstr=Heinrich Klaasen  bowl=Noor Ahmad 0-4 (0.5)
  this_over=['4', '1', '.', '.', '.']  fow=2 (unk=0)  last_fow={'wicket': 2, 'batter': 'Abhishek Sharma', 'score': 75, 'overs': '6.0'}
  delivery: len=unknown line=unknown shot=defended [vlm]
  extras: this_over=0 innings=0 [w0/nb0/b0/lb0]
  CB: SRH 84-2 (7)  crr=12.0  ps=9(6)  recent=...
  CB BAT: Heinrich Klaasen* 1(3), Abhishek Sharma 52(18)
  CB BOWL: Noor Ahmad 0-4 (1)
  LAST WKT: Ishan Kishan  c Ruturaj Gaikwad b Mukesh Choudhary 0(1)  - 75/2 in 5.6 ov.
  ⚠ DIVERGENCE: SCORE: ui=83 cb=84 | OVERS: ui=6.5 cb=7 | STRIKER: ui=Abhishek Sharma cb=Heinrich Klaasen | BAT_klaasen: ui=1(2) cb=1(3) | BOWL_O: ui=0.5 cb=1

[20:03:35  iter#15]
  UI: Sunrisers Hyderabad 84-2 (7.0)  str=Heinrich Klaasen nstr=Abhishek Sharma  bowl=Noor Ahmad 0-4 (1.0)
  this_over=['4', '1', '.', '.', '.', '1', '3']  fow=2 (unk=0)  last_fow={'wicket': 2, 'batter': 'Abhishek Sharma', 'score': 75, 'overs': '6.0'}
  delivery: len=unknown line=unknown shot=along_ground [vlm]
  extras: this_over=0 innings=0 [w0/nb0/b0/lb0]
  CB: SRH 84-2 (7)  crr=12.0  ps=9(6)  recent=...
  CB BAT: Heinrich Klaasen* 1(3), Abhishek Sharma 52(18)
  CB BOWL: Noor Ahmad 0-4 (1)
  LAST WKT: Ishan Kishan  c Ruturaj Gaikwad b Mukesh Choudhary 0(1)  - 75/2 in 5.6 ov.
  ⚠ DIVERGENCE: OVERS: ui=7.0 cb=7 | BOWL_O: ui=1.0 cb=1

[20:03:56  iter#16]
  UI: Sunrisers Hyderabad 84-2 (7.0)  str=Heinrich Klaasen nstr=Abhishek Sharma  bowl=Noor Ahmad 0-4 (1.0)
  this_over=[]  fow=2 (unk=0)  last_fow={'wicket': 2, 'batter': 'Abhishek Sharma', 'score': 75, 'overs': '6.0'}
  delivery: len=unknown line=unknown shot=along_ground [vlm]
  extras: this_over=0 innings=0 [w0/nb0/b0/lb0]
  CB: SRH 84-2 (7)  crr=12.0  ps=9(6)  recent=...
  CB BAT: Heinrich Klaasen* 1(3), Abhishek Sharma 52(18)
  CB BOWL: Noor Ahmad 0-4 (1)
  LAST WKT: Ishan Kishan  c Ruturaj Gaikwad b Mukesh Choudhary 0(1)  - 75/2 in 5.6 ov.
  ⚠ DIVERGENCE: OVERS: ui=7.0 cb=7 | BOWL_O: ui=1.0 cb=1
