=== PARITY MONITOR — pipeline UI vs cricbuzz ===
WS:  ws://localhost:8765
CB:  https://www.cricbuzz.com/live-cricket-scores/151818/srh-vs-csk-27th-match-indian-premier-league-2026

[20:04:15  iter#1]
  WS ERR: "Multiple exceptions: [Errno 61] Connect call failed ('::1', 8765, 0, 0), [Errno 61] Connect call failed ('127.0.0.1', 8765)"
  CB: SRH 84-2 (7)  crr=12.0  ps=9(6)  recent=...
  CB BAT: Heinrich Klaasen* 1(3), Abhishek Sharma 52(18)
  CB BOWL: Noor Ahmad 0-4 (1)
  LAST WKT: Ishan Kishan  c Ruturaj Gaikwad b Mukesh Choudhary 0(1)  - 75/2 in 5.6 ov.
  ⚠ DIVERGENCE: BATTERS_MISSING_IN_UI: {'sharma', 'klaasen'} (ui=set(), cb={'sharma', 'klaasen'}) | BOWLER: ui=None cb=Noor Ahmad

[20:04:39  iter#2]
  UI: Sunrisers Hyderabad 85-2 (7.1)  str=Abhishek Sharma nstr=Heinrich Klaasen  bowl=None None-None (None)
  this_over=['1']  fow=2 (unk=2)  last_fow={'wicket': 2, 'batter': 'unknown', 'score': '?', 'overs': '?'}
  delivery: len=full line=on_stumps shot=along_ground [vlm]
  extras: this_over=0 innings=0 [w0/nb0/b0/lb0]
  CB: SRH 85-2 (7.1)  crr=11.86  ps=10(7)  recent=1
  CB BAT: Abhishek Sharma* 52(18), Heinrich Klaasen 2(4)
  CB BOWL: Noor Ahmad 0-4 (1)
  LAST WKT: Ishan Kishan  c Ruturaj Gaikwad b Mukesh Choudhary 0(1)  - 75/2 in 5.6 ov.
  ⚠ DIVERGENCE: FOW_UNKNOWN: 2 placeholder(s) awaiting broadcast upgrade | BOWLER: ui=None cb=Noor Ahmad

[20:05:01  iter#3]
  UI: Sunrisers Hyderabad 85-2 (7.1)  str=Abhishek Sharma nstr=Heinrich Klaasen  bowl=Jamie Overton 0-1 (0.1)
  this_over=['1']  fow=2 (unk=2)  last_fow={'wicket': 2, 'batter': 'unknown', 'score': '?', 'overs': '?'}
  delivery: len=full line=on_stumps shot=along_ground [vlm]
  extras: this_over=0 innings=0 [w0/nb0/b0/lb0]
  CB: SRH 89-2 (7.2)  crr=12.14  ps=14(8)  recent=1 4
  CB BAT: Abhishek Sharma* 56(19), Heinrich Klaasen 2(4)
  CB BOWL: Noor Ahmad 0-4 (1)
  LAST WKT: Ishan Kishan  c Ruturaj Gaikwad b Mukesh Choudhary 0(1)  - 75/2 in 5.6 ov.
  ⚠ DIVERGENCE: SCORE: ui=85 cb=89 | OVERS: ui=7.1 cb=7.2 | BAT_sharma: ui=52(18) cb=56(19) | FOW_UNKNOWN: 2 placeholder(s) awaiting broadcast upgrade | BOWLER: ui=Jamie Overton cb=Noor Ahmad

[20:05:23  iter#4]
  UI: Sunrisers Hyderabad 89-2 (7.2)  str=Abhishek Sharma nstr=Heinrich Klaasen  bowl=Jamie Overton 0-5 (0.2)
  this_over=['1', '4']  fow=2 (unk=2)  last_fow={'wicket': 2, 'batter': 'unknown', 'score': '?', 'overs': '?'}
  delivery: len=unknown line=unknown shot=unknown [vlm]
  extras: this_over=0 innings=0 [w0/nb0/b0/lb0]
  CB: SRH 89-2 (7.2)  crr=12.14  ps=14(8)  recent=1 4
  CB BAT: Abhishek Sharma* 56(19), Heinrich Klaasen 2(4)
  CB BOWL: Noor Ahmad 0-4 (1)
  LAST WKT: Ishan Kishan  c Ruturaj Gaikwad b Mukesh Choudhary 0(1)  - 75/2 in 5.6 ov.
  ⚠ DIVERGENCE: BAT_sharma: ui=52(18) cb=56(19) | FOW_UNKNOWN: 2 placeholder(s) awaiting broadcast upgrade | BOWLER: ui=Jamie Overton cb=Noor Ahmad

[20:05:45  iter#5]
  UI: Sunrisers Hyderabad 89-2 (7.2)  str=Abhishek Sharma nstr=Heinrich Klaasen  bowl=Jamie Overton 0-5 (0.2)
  this_over=['1', '4']  fow=2 (unk=2)  last_fow={'wicket': 2, 'batter': 'unknown', 'score': '?', 'overs': '?'}
  delivery: len=unknown line=unknown shot=unknown [vlm]
  extras: this_over=0 innings=0 [w0/nb0/b0/lb0]
  CB: SRH 89-2 (7.2)  crr=12.14  ps=14(8)  recent=1 4
  CB BAT: Abhishek Sharma* 56(19), Heinrich Klaasen 2(4)
  CB BOWL: Noor Ahmad 0-4 (1)
  LAST WKT: Ishan Kishan  c Ruturaj Gaikwad b Mukesh Choudhary 0(1)  - 75/2 in 5.6 ov.
  ⚠ DIVERGENCE: FOW_UNKNOWN: 2 placeholder(s) awaiting broadcast upgrade | BOWLER: ui=Jamie Overton cb=Noor Ahmad

[20:06:07  iter#6]
  UI: Sunrisers Hyderabad 89-2 (7.2)  str=Abhishek Sharma nstr=Heinrich Klaasen  bowl=Jamie Overton 0-5 (0.2)
  this_over=['1', '4']  fow=2 (unk=2)  last_fow={'wicket': 2, 'batter': 'unknown', 'score': '?', 'overs': '?'}
  delivery: len=unknown line=unknown shot=unknown [vlm]
  extras: this_over=0 innings=0 [w0/nb0/b0/lb0]
  CB: SRH 91-2 (7.3)  crr=12.13  ps=16(9)  recent=1 4 2
  CB BAT: Abhishek Sharma* 58(20), Heinrich Klaasen 2(4)
  CB BOWL: Noor Ahmad 0-4 (1)
  LAST WKT: Ishan Kishan  c Ruturaj Gaikwad b Mukesh Choudhary 0(1)  - 75/2 in 5.6 ov.
  ⚠ DIVERGENCE: SCORE: ui=89 cb=91 | OVERS: ui=7.2 cb=7.3 | BAT_sharma: ui=56(19) cb=58(20) | FOW_UNKNOWN: 2 placeholder(s) awaiting broadcast upgrade | BOWLER: ui=Jamie Overton cb=Noor Ahmad

[20:06:30  iter#7]
  UI: SRH 92-2 (7.4)  str=Heinrich Klaasen nstr=Abhishek Sharma  bowl=None None-None (None)
  this_over=['?', '4', '2', '1']  fow=0 (unk=0)  last_fow=None
  delivery: (none yet on UI)
  extras: this_over=0 innings=None [w0/nb0/b0/lb0]
  CB: SRH 92-2 (7.4)  crr=12.0  ps=17(10)  recent=1 4 2 1
  CB BAT: Heinrich Klaasen* 2(4), Abhishek Sharma 59(21)
  CB BOWL: Noor Ahmad 0-4 (1)
  LAST WKT: Ishan Kishan  c Ruturaj Gaikwad b Mukesh Choudhary 0(1)  - 75/2 in 5.6 ov.
  ⚠ DIVERGENCE: FOW_COUNT: ui=0 vs wickets=2 | BOWLER: ui=None cb=Noor Ahmad

[20:06:51  iter#8]
  UI: Sunrisers Hyderabad 92-2 (7.4)  str=Heinrich Klaasen nstr=Abhishek Sharma  bowl=Jamie Overton 0-8 (0.4)
  this_over=['1', '4', '.', '1']  fow=2 (unk=2)  last_fow={'wicket': 2, 'batter': 'unknown', 'score': '?', 'overs': '?'}
  delivery: len=unknown line=unknown shot=along_ground [vlm]
  extras: this_over=0 innings=0 [w0/nb0/b0/lb0]
  CB: SRH 93-2 (7.5)  crr=11.87  ps=18(11)  recent=1 4 2 1 1
  CB BAT: Abhishek Sharma* 59(21), Heinrich Klaasen 3(5)
  CB BOWL: Noor Ahmad 0-4 (1)
  LAST WKT: Ishan Kishan  c Ruturaj Gaikwad b Mukesh Choudhary 0(1)  - 75/2 in 5.6 ov.
  ⚠ DIVERGENCE: SCORE: ui=92 cb=93 | OVERS: ui=7.4 cb=7.5 | STRIKER: ui=Heinrich Klaasen cb=Abhishek Sharma | BAT_klaasen: ui=2(4) cb=3(5) | FOW_UNKNOWN: 2 placeholder(s) awaiting broadcast upgrade | BOWLER: ui=Jamie Overton cb=Noor Ahmad

[20:07:13  iter#9]
  UI: Sunrisers Hyderabad 93-2 (7.5)  str=Abhishek Sharma nstr=Heinrich Klaasen  bowl=Jamie Overton 0-8 (0.4)
  this_over=['1', '4', '.', '1', '1']  fow=2 (unk=2)  last_fow={'wicket': 2, 'batter': 'unknown', 'score': '?', 'overs': '?'}
  delivery: len=unknown line=unknown shot=along_ground [vlm]
  extras: this_over=0 innings=0 [w0/nb0/b0/lb0]
  CB: SRH 93-2 (7.5)  crr=11.87  ps=18(11)  recent=1 4 2 1 1
  CB BAT: Abhishek Sharma* 59(21), Heinrich Klaasen 3(5)
  CB BOWL: Noor Ahmad 0-4 (1)
  LAST WKT: Ishan Kishan  c Ruturaj Gaikwad b Mukesh Choudhary 0(1)  - 75/2 in 5.6 ov.
  ⚠ DIVERGENCE: BAT_klaasen: ui=2(4) cb=3(5) | FOW_UNKNOWN: 2 placeholder(s) awaiting broadcast upgrade | BOWLER: ui=Jamie Overton cb=Noor Ahmad

[20:07:36  iter#10]
  UI: Sunrisers Hyderabad 93-2 (7.5)  str=Heinrich Klaasen nstr=Heinrich Klaasen  bowl=Jamie Overton 0-8 (0.5)
  this_over=['1', '4', '.', '1', '1']  fow=2 (unk=1)  last_fow={'wicket': 2, 'batter': 'Abhishek Sharma', 'score': 93, 'overs': '7.5'}
  delivery: len=unknown line=unknown shot=along_ground [vlm]
  extras: this_over=0 innings=0 [w0/nb0/b0/lb0]
  CB: SRH 93-2 (7.5)  crr=11.87  ps=18(11)  recent=1 4 2 1 1
  CB BAT: Abhishek Sharma* 59(21), Heinrich Klaasen 3(5)
  CB BOWL: Noor Ahmad 0-4 (1)
  LAST WKT: Ishan Kishan  c Ruturaj Gaikwad b Mukesh Choudhary 0(1)  - 75/2 in 5.6 ov.
  ⚠ DIVERGENCE: STRIKER: ui=Heinrich Klaasen cb=Abhishek Sharma | BATTERS_MISSING_IN_UI: {'sharma'} (ui={'klaasen'}, cb={'sharma', 'klaasen'}) | BAT_klaasen: ui=2(5) cb=3(5) | FOW_UNKNOWN: 1 placeholder(s) awaiting broadcast upgrade | BOWLER: ui=Jamie Overton cb=Noor Ahmad

[20:07:56  iter#11]
  UI: Sunrisers Hyderabad 93-2 (7.5)  str=Heinrich Klaasen nstr=Abhishek Sharma  bowl=Jamie Overton 0-8 (0.5)
  this_over=['1', '4', '.', '1', '1']  fow=2 (unk=1)  last_fow={'wicket': 2, 'batter': 'Abhishek Sharma', 'score': 93, 'overs': '7.5'}
  delivery: len=unknown line=unknown shot=along_ground [vlm]
  extras: this_over=0 innings=0 [w0/nb0/b0/lb0]
  CB: SRH 93-2 (7.5)  crr=11.87  ps=18(11)  recent=...
  CB BAT: Abhishek Sharma* 59(21), Heinrich Klaasen 2(5)
  CB BOWL: Noor Ahmad 0-4 (1)
  LAST WKT: Ishan Kishan  c Ruturaj Gaikwad b Mukesh Choudhary 0(1)  - 75/2 in 5.6 ov.
  ⚠ DIVERGENCE: STRIKER: ui=Heinrich Klaasen cb=Abhishek Sharma | FOW_UNKNOWN: 1 placeholder(s) awaiting broadcast upgrade | BOWLER: ui=Jamie Overton cb=Noor Ahmad

[20:08:18  iter#12]
  UI: Sunrisers Hyderabad 93-2 (7.5)  str=Heinrich Klaasen nstr=Abhishek Sharma  bowl=Jamie Overton 0-8 (0.5)
  this_over=['1', '4', '.', '1', '1']  fow=2 (unk=1)  last_fow={'wicket': 2, 'batter': 'Abhishek Sharma', 'score': 93, 'overs': '7.5'}
  delivery: len=unknown line=unknown shot=along_ground [vlm]
  extras: this_over=0 innings=0 [w0/nb0/b0/lb0]
  CB: SRH 93-3 (8)  crr=11.62  ps=18(12)  recent=1 4 2 1
  CB BAT: Heinrich Klaasen* 2(5), Noor Ahmad 1(0)
  CB BOWL: Jamie Overton 1-8 (1)
  LAST WKT: Abhishek Sharma  c Sanju Samson b Jamie Overton 59(22)  - 93/3 in 7.6 ov.
  ⚠ DIVERGENCE: WICKETS: ui=2 cb=3 | OVERS: ui=7.5 cb=8 | BATTERS_MISSING_IN_UI: {'ahmad'} (ui={'sharma', 'klaasen'}, cb={'ahmad', 'klaasen'}) | FOW_UNKNOWN: 1 placeholder(s) awaiting broadcast upgrade | BOWL_W: ui=0 cb=1 | BOWL_O: ui=0.5 cb=1

[20:08:38  iter#13]
  UI: Sunrisers Hyderabad 93-2 (7.5)  str=Heinrich Klaasen nstr=Abhishek Sharma  bowl=Jamie Overton 0-8 (0.5)
  this_over=['1', '4', '.', '1', '1']  fow=2 (unk=1)  last_fow={'wicket': 2, 'batter': 'Abhishek Sharma', 'score': 93, 'overs': '7.5'}
  delivery: len=unknown line=unknown shot=along_ground [vlm]
  extras: this_over=0 innings=0 [w0/nb0/b0/lb0]
  CB: SRH 93-3 (8)  crr=11.62  ps=18(12)  recent=1 4 2 1
  CB BAT: Heinrich Klaasen* 2(5), Noor Ahmad 1(0)
  CB BOWL: Jamie Overton 1-8 (1)
  LAST WKT: Abhishek Sharma  c Sanju Samson b Jamie Overton 59(22)  - 93/3 in 7.6 ov.
  ⚠ DIVERGENCE: WICKETS: ui=2 cb=3 | OVERS: ui=7.5 cb=8 | BATTERS_MISSING_IN_UI: {'ahmad'} (ui={'sharma', 'klaasen'}, cb={'ahmad', 'klaasen'}) | FOW_UNKNOWN: 1 placeholder(s) awaiting broadcast upgrade | BOWL_W: ui=0 cb=1 | BOWL_O: ui=0.5 cb=1

[20:09:02  iter#14]
  WS ERR: ''
  CB: SRH 93-3 (8)  crr=11.62  ps=18(12)  recent=1 4 2 1
  CB BAT: Heinrich Klaasen* 2(5), Noor Ahmad 1(0)
  CB BOWL: Jamie Overton 1-8 (1)
  LAST WKT: Abhishek Sharma  c Sanju Samson b Jamie Overton 59(22)  - 93/3 in 7.6 ov.
  ⚠ DIVERGENCE: BATTERS_MISSING_IN_UI: {'ahmad', 'klaasen'} (ui=set(), cb={'ahmad', 'klaasen'}) | BOWLER: ui=None cb=Jamie Overton

[20:09:23  iter#15]
  UI: Sunrisers Hyderabad 93-3 (8.0)  str=Abhishek Sharma nstr=Heinrich Klaasen  bowl=Jamie Overton 1-8 (1.0)
  this_over=[]  fow=3 (unk=1)  last_fow={'wicket': 3, 'batter': 'Abhishek Sharma', 'score': 93, 'overs': '8.0'}
  delivery: len=unknown line=unknown shot=defended [vlm]
  extras: this_over=0 innings=0 [w0/nb0/b0/lb0]
  CB: SRH 93-3 (8)  crr=11.62  ps=0(0)  recent=...
  CB BAT: Heinrich Klaasen* 2(5), Aniket Verma 0(0)
  CB BOWL: Jamie Overton 1-8 (1)
  LAST WKT: Abhishek Sharma  c Sanju Samson b Jamie Overton 59(22)  - 93/3 in 7.6 ov.
  ⚠ DIVERGENCE: OVERS: ui=8.0 cb=8 | STRIKER: ui=Abhishek Sharma cb=Heinrich Klaasen | BATTERS_MISSING_IN_UI: {'verma'} (ui={'sharma', 'klaasen'}, cb={'verma', 'klaasen'}) | FOW_UNKNOWN: 1 placeholder(s) awaiting broadcast upgrade | BOWL_O: ui=1.0 cb=1

[20:09:44  iter#16]
  UI: Sunrisers Hyderabad 93-3 (8.0)  str=Abhishek Sharma nstr=Heinrich Klaasen  bowl=Jamie Overton 1-8 (1.0)
  this_over=[]  fow=3 (unk=1)  last_fow={'wicket': 3, 'batter': 'Abhishek Sharma', 'score': 93, 'overs': '8.0'}
  delivery: len=unknown line=unknown shot=defended [vlm]
  extras: this_over=0 innings=0 [w0/nb0/b0/lb0]
  CB: SRH 93-3 (8)  crr=11.62  ps=0(0)  recent=...
  CB BAT: Heinrich Klaasen* 2(5), Aniket Verma 0(0)
  CB BOWL: Jamie Overton 1-8 (1)
  LAST WKT: Abhishek Sharma  c Sanju Samson b Jamie Overton 59(22)  - 93/3 in 7.6 ov.
  ⚠ DIVERGENCE: OVERS: ui=8.0 cb=8 | STRIKER: ui=Abhishek Sharma cb=Heinrich Klaasen | BATTERS_MISSING_IN_UI: {'verma'} (ui={'sharma', 'klaasen'}, cb={'verma', 'klaasen'}) | FOW_UNKNOWN: 1 placeholder(s) awaiting broadcast upgrade | BOWL_O: ui=1.0 cb=1

[20:10:05  iter#17]
  UI: Sunrisers Hyderabad 93-3 (8.0)  str=Aniket Verma nstr=Aniket Verma  bowl=Jamie Overton 1-8 (1.0)
  this_over=[]  fow=3 (unk=1)  last_fow={'wicket': 3, 'batter': 'Abhishek Sharma', 'score': 93, 'overs': '8.0'}
  delivery: len=unknown line=unknown shot=defended [vlm]
  extras: this_over=0 innings=0 [w0/nb0/b0/lb0]
  CB: SRH 93-3 (8.1)  crr=11.39  ps=0(1)  recent=0
  CB BAT: Heinrich Klaasen* 2(6), Aniket Verma 0(0)
  CB BOWL: Jamie Overton 1-8 (1)
  LAST WKT: Abhishek Sharma  c Sanju Samson b Jamie Overton 59(22)  - 93/3 in 7.6 ov.
  ⚠ DIVERGENCE: OVERS: ui=8.0 cb=8.1 | STRIKER: ui=Aniket Verma cb=Heinrich Klaasen | BATTERS_MISSING_IN_UI: {'klaasen'} (ui={'verma'}, cb={'verma', 'klaasen'}) | BAT_klaasen: ui=5(5) cb=2(6) | BAT_verma: ui=0(2) cb=0(0) | FOW_UNKNOWN: 1 placeholder(s) awaiting broadcast upgrade | BOWL_O: ui=1.0 cb=1

[20:10:26  iter#18]
  UI: Sunrisers Hyderabad 93-3 (8.0)  str=Aniket Verma nstr=Heinrich Klaasen  bowl=Jamie Overton 1-8 (1)
  this_over=[]  fow=3 (unk=1)  last_fow={'wicket': 3, 'batter': 'Abhishek Sharma', 'score': 93, 'overs': '8.0'}
  delivery: len=unknown line=unknown shot=defended [vlm]
  extras: this_over=0 innings=0 [w0/nb0/b0/lb0]
  CB: SRH 99-3 (8.2)  crr=11.88  ps=6(2)  recent=0 6
  CB BAT: Heinrich Klaasen* 8(7), Aniket Verma 0(0)
  CB BOWL: Jamie Overton 1-8 (1)
  LAST WKT: Abhishek Sharma  c Sanju Samson b Jamie Overton 59(22)  - 93/3 in 7.6 ov.
  ⚠ DIVERGENCE: SCORE: ui=93 cb=99 | OVERS: ui=8.0 cb=8.2 | STRIKER: ui=Aniket Verma cb=Heinrich Klaasen | BAT_klaasen: ui=5(5) cb=8(7) | BAT_verma: ui=0(2) cb=0(0) | FOW_UNKNOWN: 1 placeholder(s) awaiting broadcast upgrade

[20:10:51  iter#19]
  WS ERR: ''
  CB: SRH 99-3 (8.2)  crr=11.88  ps=6(2)  recent=0 6
  CB BAT: Heinrich Klaasen* 8(7), Aniket Verma 0(0)
  CB BOWL: Jamie Overton 1-8 (1)
  LAST WKT: Abhishek Sharma  c Sanju Samson b Jamie Overton 59(22)  - 93/3 in 7.6 ov.
  ⚠ DIVERGENCE: BATTERS_MISSING_IN_UI: {'verma', 'klaasen'} (ui=set(), cb={'verma', 'klaasen'}) | BOWLER: ui=None cb=Jamie Overton

[20:11:13  iter#20]
  UI: Sunrisers Hyderabad 99-3 (8.2)  str=Heinrich Klaasen nstr=Aniket Verma  bowl=Jamie Overton 1-8 (2)
  this_over=['.', '6']  fow=3 (unk=1)  last_fow={'wicket': 3, 'batter': 'Abhishek Sharma', 'score': 93, 'overs': '8.0'}
  delivery: len=unknown line=unknown shot=in_the_air [vlm]
  extras: this_over=0 innings=0 [w0/nb0/b0/lb0]
  CB: SRH 99-3 (8.2)  crr=11.88  ps=6(2)  recent=0 6
  CB BAT: Heinrich Klaasen* 8(7), Aniket Verma 0(0)
  CB BOWL: Jamie Overton 1-8 (1)
  LAST WKT: Abhishek Sharma  c Sanju Samson b Jamie Overton 59(22)  - 93/3 in 7.6 ov.
  ⚠ DIVERGENCE: FOW_UNKNOWN: 1 placeholder(s) awaiting broadcast upgrade | BOWL_O: ui=2 cb=1

[20:11:36  iter#21]
  UI: SRH 99-3 (8.3)  str=Heinrich Klaasen nstr=None  bowl=None None-None (None)
  this_over=['.', '6', '.']  fow=0 (unk=0)  last_fow=None
  delivery: (none yet on UI)
  extras: this_over=0 innings=None [w0/nb0/b0/lb0]
  CB: SRH 99-3 (8.3)  crr=11.65  ps=6(3)  recent=0 6 0
  CB BAT: Heinrich Klaasen* 8(8), Aniket Verma 0(0)
  CB BOWL: Jamie Overton 1-8 (1)
  LAST WKT: Abhishek Sharma  c Sanju Samson b Jamie Overton 59(22)  - 93/3 in 7.6 ov.
  ⚠ DIVERGENCE: BATTERS_MISSING_IN_UI: {'verma'} (ui={'klaasen'}, cb={'verma', 'klaasen'}) | FOW_COUNT: ui=0 vs wickets=3 | BOWLER: ui=None cb=Jamie Overton

[20:11:56  iter#22]
  UI: Sunrisers Hyderabad 99-3 (8.3)  str=Aniket Verma nstr=Heinrich Klaasen  bowl=Jamie Overton 1-8 (2.3)
  this_over=['.', '6', '.']  fow=3 (unk=1)  last_fow={'wicket': 3, 'batter': 'Abhishek Sharma', 'score': 93, 'overs': '8.0'}
  delivery: len=unknown line=unknown shot=defended [vlm]
  extras: this_over=0 innings=0 [w0/nb0/b0/lb0]
  CB: SRH 99-3 (8.4)  crr=11.42  ps=6(4)  recent=0 6 0 0
  CB BAT: Heinrich Klaasen* 8(9), Aniket Verma 0(0)
  CB BOWL: Jamie Overton 1-8 (1)
  LAST WKT: Abhishek Sharma  c Sanju Samson b Jamie Overton 59(22)  - 93/3 in 7.6 ov.
  ⚠ DIVERGENCE: OVERS: ui=8.3 cb=8.4 | STRIKER: ui=Aniket Verma cb=Heinrich Klaasen | BAT_klaasen: ui=8(8) cb=8(9) | BAT_verma: ui=0(8) cb=0(0) | FOW_UNKNOWN: 1 placeholder(s) awaiting broadcast upgrade | BOWL_O: ui=2.3 cb=1

[20:12:20  iter#23]
  WS ERR: ''
  CB: SRH 99-3 (8.4)  crr=11.42  ps=6(4)  recent=0 6 0 0
  CB BAT: Heinrich Klaasen* 8(9), Aniket Verma 0(0)
  CB BOWL: Jamie Overton 1-8 (1)
  LAST WKT: Abhishek Sharma  c Sanju Samson b Jamie Overton 59(22)  - 93/3 in 7.6 ov.
  ⚠ DIVERGENCE: BATTERS_MISSING_IN_UI: {'verma', 'klaasen'} (ui=set(), cb={'verma', 'klaasen'}) | BOWLER: ui=None cb=Jamie Overton

[20:12:41  iter#24]
  UI: Sunrisers Hyderabad 99-3 (8.4)  str=Heinrich Klaasen nstr=Aniket Verma  bowl=Jamie Overton 1-8 (2.3)
  this_over=['.', '6', '.', '.']  fow=3 (unk=1)  last_fow={'wicket': 3, 'batter': 'Abhishek Sharma', 'score': 93, 'overs': '8.0'}
  delivery: len=unknown line=unknown shot=defended [vlm]
  extras: this_over=0 innings=0 [w0/nb0/b0/lb0]
  CB: SRH 100-3 (8.5)  crr=11.32  ps=7(5)  recent=0 6 0 0 1
  CB BAT: Aniket Verma* 0(0), Heinrich Klaasen 9(10)
  CB BOWL: Jamie Overton 1-8 (1)
  LAST WKT: Abhishek Sharma  c Sanju Samson b Jamie Overton 59(22)  - 93/3 in 7.6 ov.
  ⚠ DIVERGENCE: SCORE: ui=99 cb=100 | OVERS: ui=8.4 cb=8.5 | STRIKER: ui=Heinrich Klaasen cb=Aniket Verma | BAT_verma: ui=0(8) cb=0(0) | BAT_klaasen: ui=9(9) cb=9(10) | FOW_UNKNOWN: 1 placeholder(s) awaiting broadcast upgrade | BOWL_O: ui=2.3 cb=1

[20:13:02  iter#25]
  UI: Sunrisers Hyderabad 100-3 (8.5)  str=Aniket Verma nstr=Heinrich Klaasen  bowl=Jamie Overton 1-8 (2.3)
  this_over=['.', '6', '.', '.', '1']  fow=3 (unk=1)  last_fow={'wicket': 3, 'batter': 'Abhishek Sharma', 'score': 93, 'overs': '8.0'}
  delivery: len=unknown line=unknown shot=along_ground [vlm]
  extras: this_over=0 innings=0 [w0/nb0/b0/lb0]
  CB: SRH 100-3 (8.5)  crr=11.32  ps=7(5)  recent=0 6 0 0 1
  CB BAT: Aniket Verma* 0(0), Heinrich Klaasen 9(10)
  CB BOWL: Jamie Overton 1-8 (1)
  LAST WKT: Abhishek Sharma  c Sanju Samson b Jamie Overton 59(22)  - 93/3 in 7.6 ov.
  ⚠ DIVERGENCE: BAT_verma: ui=0(9) cb=0(0) | FOW_UNKNOWN: 1 placeholder(s) awaiting broadcast upgrade | BOWL_O: ui=2.3 cb=1

[20:13:24  iter#26]
  UI: Sunrisers Hyderabad 100-3 (8.5)  str=Heinrich Klaasen nstr=Aniket Verma  bowl=Jamie Overton 1-8 (2.3)
  this_over=['.', '6', '.', '.', '1']  fow=3 (unk=1)  last_fow={'wicket': 3, 'batter': 'Abhishek Sharma', 'score': 93, 'overs': '8.0'}
  delivery: len=unknown line=unknown shot=along_ground [vlm]
  extras: this_over=0 innings=0 [w0/nb0/b0/lb0]
  CB: SRH 100-3 (9)  crr=11.11  ps=7(6)  recent=0 6 0 0 1 0
  CB BAT: Heinrich Klaasen* 9(10), Aniket Verma 0(1)
  CB BOWL: Gurjapneet Singh 0-7 (1)
  LAST WKT: Abhishek Sharma  c Sanju Samson b Jamie Overton 59(22)  - 93/3 in 7.6 ov.
  ⚠ DIVERGENCE: OVERS: ui=8.5 cb=9 | BAT_verma: ui=0(9) cb=0(1) | FOW_UNKNOWN: 1 placeholder(s) awaiting broadcast upgrade | BOWLER: ui=Jamie Overton cb=Gurjapneet Singh

[20:13:45  iter#27]
  UI: Sunrisers Hyderabad 100-3 (9.0)  str=Aniket Verma nstr=Heinrich Klaasen  bowl=Jamie Overton 1-8 (3.0)
  this_over=['.', '6', '.', '.', '1', '.']  fow=3 (unk=1)  last_fow={'wicket': 3, 'batter': 'Abhishek Sharma', 'score': 93, 'overs': '8.0'}
  delivery: len=unknown line=unknown shot=defended [vlm]
  extras: this_over=0 innings=0 [w0/nb0/b0/lb0]
  CB: SRH 100-3 (9)  crr=11.11  ps=7(6)  recent=0 6 0 0 1 0
  CB BAT: Heinrich Klaasen* 9(10), Aniket Verma 0(1)
  CB BOWL: Gurjapneet Singh 0-7 (1)
  LAST WKT: Abhishek Sharma  c Sanju Samson b Jamie Overton 59(22)  - 93/3 in 7.6 ov.
  ⚠ DIVERGENCE: OVERS: ui=9.0 cb=9 | STRIKER: ui=Aniket Verma cb=Heinrich Klaasen | BAT_verma: ui=0(9) cb=0(1) | FOW_UNKNOWN: 1 placeholder(s) awaiting broadcast upgrade | BOWLER: ui=Jamie Overton cb=Gurjapneet Singh

[20:14:09  iter#28]
  WS ERR: ''
  CB: SRH 100-3 (9)  crr=11.11  ps=7(6)  recent=...
  CB BAT: Heinrich Klaasen* 9(10), Aniket Verma 0(1)
  CB BOWL: Gurjapneet Singh 0-7 (1)
  LAST WKT: Abhishek Sharma  c Sanju Samson b Jamie Overton 59(22)  - 93/3 in 7.6 ov.
  ⚠ DIVERGENCE: BATTERS_MISSING_IN_UI: {'verma', 'klaasen'} (ui=set(), cb={'verma', 'klaasen'}) | BOWLER: ui=None cb=Gurjapneet Singh

[20:14:29  iter#29]
  UI: Sunrisers Hyderabad 100-3 (9.0)  str=Heinrich Klaasen nstr=Aniket Verma  bowl=Jamie Overton 1-8 (3.0)
  this_over=[]  fow=3 (unk=1)  last_fow={'wicket': 3, 'batter': 'Abhishek Sharma', 'score': 93, 'overs': '8.0'}
  delivery: len=unknown line=unknown shot=defended [vlm]
  extras: this_over=0 innings=0 [w0/nb0/b0/lb0]
  CB: SRH 101-3 (9.1)  crr=11.02  ps=8(7)  recent=1
  CB BAT: Aniket Verma* 0(1), Heinrich Klaasen 10(11)
  CB BOWL: Gurjapneet Singh 0-7 (1)
  LAST WKT: Abhishek Sharma  c Sanju Samson b Jamie Overton 59(22)  - 93/3 in 7.6 ov.
  ⚠ DIVERGENCE: SCORE: ui=100 cb=101 | OVERS: ui=9.0 cb=9.1 | STRIKER: ui=Heinrich Klaasen cb=Aniket Verma | BAT_verma: ui=0(9) cb=0(1) | BAT_klaasen: ui=9(10) cb=10(11) | FOW_UNKNOWN: 1 placeholder(s) awaiting broadcast upgrade | BOWLER: ui=Jamie Overton cb=Gurjapneet Singh

[20:14:53  iter#30]
  WS ERR: ''
  CB: SRH 102-3 (9.2)  crr=10.93  ps=9(8)  recent=1 1
  CB BAT: Heinrich Klaasen* 10(11), Aniket Verma 1(2)
  CB BOWL: Gurjapneet Singh 0-7 (1)
  LAST WKT: Abhishek Sharma  c Sanju Samson b Jamie Overton 59(22)  - 93/3 in 7.6 ov.
  ⚠ DIVERGENCE: BATTERS_MISSING_IN_UI: {'verma', 'klaasen'} (ui=set(), cb={'verma', 'klaasen'}) | BOWLER: ui=None cb=Gurjapneet Singh
Traceback (most recent call last):
  File "/Users/anmolmohan/Projects/SportsComm/files/.venv/lib/python3.12/site-packages/httpx/_transports/default.py", line 101, in map_httpcore_exceptions
    yield
  File "/Users/anmolmohan/Projects/SportsComm/files/.venv/lib/python3.12/site-packages/httpx/_transports/default.py", line 394, in handle_async_request
    resp = await self._pool.handle_async_request(req)
           ^^^^^^^^^^^^^^^^^^^^^^^^^^^^^^^^^^^^^^^^^^
  File "/Users/anmolmohan/Projects/SportsComm/files/.venv/lib/python3.12/site-packages/httpcore/_async/connection_pool.py", line 256, in handle_async_request
    raise exc from None
  File "/Users/anmolmohan/Projects/SportsComm/files/.venv/lib/python3.12/site-packages/httpcore/_async/connection_pool.py", line 236, in handle_async_request
    response = await connection.handle_async_request(
               ^^^^^^^^^^^^^^^^^^^^^^^^^^^^^^^^^^^^^^
  File "/Users/anmolmohan/Projects/SportsComm/files/.venv/lib/python3.12/site-packages/httpcore/_async/connection.py", line 101, in handle_async_request
    raise exc
  File "/Users/anmolmohan/Projects/SportsComm/files/.venv/lib/python3.12/site-packages/httpcore/_async/connection.py", line 78, in handle_async_request
    stream = await self._connect(request)
             ^^^^^^^^^^^^^^^^^^^^^^^^^^^^
  File "/Users/anmolmohan/Projects/SportsComm/files/.venv/lib/python3.12/site-packages/httpcore/_async/connection.py", line 124, in _connect
    stream = await self._network_backend.connect_tcp(**kwargs)
             ^^^^^^^^^^^^^^^^^^^^^^^^^^^^^^^^^^^^^^^^^^^^^^^^^
  File "/Users/anmolmohan/Projects/SportsComm/files/.venv/lib/python3.12/site-packages/httpcore/_backends/auto.py", line 31, in connect_tcp
    return await self._backend.connect_tcp(
           ^^^^^^^^^^^^^^^^^^^^^^^^^^^^^^^^
  File "/Users/anmolmohan/Projects/SportsComm/files/.venv/lib/python3.12/site-packages/httpcore/_backends/anyio.py", line 113, in connect_tcp
    with map_exceptions(exc_map):
         ^^^^^^^^^^^^^^^^^^^^^^^
  File "/opt/homebrew/Cellar/python@3.12/3.12.13/Frameworks/Python.framework/Versions/3.12/lib/python3.12/contextlib.py", line 158, in __exit__
    self.gen.throw(value)
  File "/Users/anmolmohan/Projects/SportsComm/files/.venv/lib/python3.12/site-packages/httpcore/_exceptions.py", line 14, in map_exceptions
    raise to_exc(exc) from exc
httpcore.ConnectError: [Errno 8] nodename nor servname provided, or not known

The above exception was the direct cause of the following exception:

Traceback (most recent call last):
  File "/Users/anmolmohan/Projects/SportsComm/files/parity_monitor.py", line 359, in <module>
    asyncio.run(main())
  File "/opt/homebrew/Cellar/python@3.12/3.12.13/Frameworks/Python.framework/Versions/3.12/lib/python3.12/asyncio/runners.py", line 195, in run
    return runner.run(main)
           ^^^^^^^^^^^^^^^^
  File "/opt/homebrew/Cellar/python@3.12/3.12.13/Frameworks/Python.framework/Versions/3.12/lib/python3.12/asyncio/runners.py", line 118, in run
    return self._loop.run_until_complete(task)
           ^^^^^^^^^^^^^^^^^^^^^^^^^^^^^^^^^^^
  File "/opt/homebrew/Cellar/python@3.12/3.12.13/Frameworks/Python.framework/Versions/3.12/lib/python3.12/asyncio/base_events.py", line 691, in run_until_complete
    return future.result()
           ^^^^^^^^^^^^^^^
  File "/Users/anmolmohan/Projects/SportsComm/files/parity_monitor.py", line 289, in main
    ws_raw, cb = await asyncio.gather(fetch_ws_state(), fetch_cb())
                 ^^^^^^^^^^^^^^^^^^^^^^^^^^^^^^^^^^^^^^^^^^^^^^^^^^
  File "/Users/anmolmohan/Projects/SportsComm/files/parity_monitor.py", line 115, in fetch_cb
    r = await c.get(CB_FALLBACK,
        ^^^^^^^^^^^^^^^^^^^^^^^^
  File "/Users/anmolmohan/Projects/SportsComm/files/.venv/lib/python3.12/site-packages/httpx/_client.py", line 1768, in get
    return await self.request(
           ^^^^^^^^^^^^^^^^^^^
  File "/Users/anmolmohan/Projects/SportsComm/files/.venv/lib/python3.12/site-packages/httpx/_client.py", line 1540, in request
    return await self.send(request, auth=auth, follow_redirects=follow_redirects)
           ^^^^^^^^^^^^^^^^^^^^^^^^^^^^^^^^^^^^^^^^^^^^^^^^^^^^^^^^^^^^^^^^^^^^^^
  File "/Users/anmolmohan/Projects/SportsComm/files/.venv/lib/python3.12/site-packages/httpx/_client.py", line 1629, in send
    response = await self._send_handling_auth(
               ^^^^^^^^^^^^^^^^^^^^^^^^^^^^^^^
  File "/Users/anmolmohan/Projects/SportsComm/files/.venv/lib/python3.12/site-packages/httpx/_client.py", line 1657, in _send_handling_auth
    response = await self._send_handling_redirects(
               ^^^^^^^^^^^^^^^^^^^^^^^^^^^^^^^^^^^^
  File "/Users/anmolmohan/Projects/SportsComm/files/.venv/lib/python3.12/site-packages/httpx/_client.py", line 1694, in _send_handling_redirects
    response = await self._send_single_request(request)
               ^^^^^^^^^^^^^^^^^^^^^^^^^^^^^^^^^^^^^^^^
  File "/Users/anmolmohan/Projects/SportsComm/files/.venv/lib/python3.12/site-packages/httpx/_client.py", line 1730, in _send_single_request
    response = await transport.handle_async_request(request)
               ^^^^^^^^^^^^^^^^^^^^^^^^^^^^^^^^^^^^^^^^^^^^^
  File "/Users/anmolmohan/Projects/SportsComm/files/.venv/lib/python3.12/site-packages/httpx/_transports/default.py", line 393, in handle_async_request
    with map_httpcore_exceptions():
         ^^^^^^^^^^^^^^^^^^^^^^^^^
  File "/opt/homebrew/Cellar/python@3.12/3.12.13/Frameworks/Python.framework/Versions/3.12/lib/python3.12/contextlib.py", line 158, in __exit__
    self.gen.throw(value)
  File "/Users/anmolmohan/Projects/SportsComm/files/.venv/lib/python3.12/site-packages/httpx/_transports/default.py", line 118, in map_httpcore_exceptions
    raise mapped_exc(message) from exc
httpx.ConnectError: [Errno 8] nodename nor servname provided, or not known
