[09:47:55 F0 TRACK] INFO: score: initial proposed 42 (2/3 — waiting)
[09:47:55 F0 TRACK] INFO: score: initial → 42 (cold-start consensus 3/3)
[09:47:55 F0 TRACK] INFO: score: initial proposed 0 (2/3 — waiting)
[09:47:55 F0 TRACK] INFO: score: initial proposal flipped 0 → 112 — resetting consensus to 1/3
[09:47:55 F0 TRACK] INFO: score: initial proposal flipped 112 → 0 — resetting consensus to 1/3
[09:47:55 F0 TRACK] INFO: score: initial proposed 0 (2/3 — waiting)
[09:47:55 F0 TRACK] INFO: score: initial → 0 (cold-start consensus 3/3)
[09:47:55 F0 SCORE_MGR] INFO: [SM] cold-start candidate seeded 42/1 (5.3) — streak 1/3
[09:47:55 F0 SCORE_MGR] INFO: [SM] cold-start consensus building 42/1 (5.3) — streak 2/3
[09:47:55 F0 SCORE_MGR] INFO: [SM] COLD_START → WARM (consensus 3/3)  42/1 (5.3)
[09:47:55 F0 SCORE_MGR] INFO: [SM] cold-start candidate seeded 0/0 (0.0) — streak 1/3
[09:47:55 F0 SCORE_MGR] INFO: [SM] cold-start consensus building 0/0 (0.0) — streak 2/3
[09:47:55 F0 SCORE_MGR] INFO: [SM] cold-start candidate flipped 0/0 (0.0) → 112/0 (0.0) — streak reset to 1/3
[09:47:55 F0 OVER] INFO: Broadcast ['1', '.', '4', '1', '.', '1', '.', 'Wd', '1', '.', '4', '.'] (12 tokens) exceeds MAX_THIS_OVER_LEN=9 — rejected as multi-over recap strip
[09:47:55 F0 OVER] INFO: Broadcast fill (cold-start, empty local): ['1', '.', '4']
[09:47:55 F0 OVER] INFO: on_ball_event refused: this_over already has 12 tokens (>= MAX_OBSERVED_THIS_OVER_LEN). Likely missed over rollover — event dropped: {'type': 'DOT', 'certain': True}
[09:47:55 F0 OVER] INFO: Over-jump rejected: 9 → 11 is implausible for one frame (likely Scout misread). Waiting for a sane overs reading.
[09:47:55 F0 OVER] INFO: Over 9 complete: ['.', '1', '1', '.', '4', '1'] = 7 runs, 0 wkts (by Khan)
[09:47:55 F0 OVER] INFO: Over 5 re-archive REFUSED: slot already holds ['.', '1', '4', '.', '.', '1'] (by Bumrah). Ignoring new payload {'balls': ['.', '.', '.', '.', '.', '.'], 'bowler': 'Khan', 'runs': 0, 'wickets': 0}.
[09:47:55 F0 OVER] INFO: [OVER-DEFER] Rollover 5 → 6 deferred (1/2): this_over has 5/6 legal balls — waiting for the closing-ball event to arrive before archiving.
[09:47:55 F0 OVER] INFO: [OVER-DEFER] Rollover 5 → 6 deferred (2/2): this_over has 5/6 legal balls — waiting for the closing-ball event to arrive before archiving.
[09:47:55 F0 OVER] INFO: [OVER-DEFER] Rollover 5 → 6 forced after 2 deferrals: still only 5/6 legal — archiving short; the closing ball was never detected.
[09:47:55 F0 OVER] INFO: Over 5 reconcile: score delta=+6 but this_over tracks 5 runs (+1 missing). Tokens preserved as observed; no synth at over boundary (extras can never sit on the over-closing ball).
[09:47:55 F0 OVER] INFO: Over 5 complete: ['.', '1', '4', '.', '.'] = 5 runs, 0 wkts (by Bumrah)
[09:47:55 F0 OVER] INFO: Late ball appended to held over 5: ['.', '1', '4', '.', '.'] → ['.', '1', '4', '.', '.', '1'] (event over=6.0)
[09:47:55 F0 SCORE_MGR] INFO: [SM] RUNS  101/0 (6.0)  striker=A
[09:47:55 F0 BOARD] INFO: Scorecards built: BAT (2 bat) vs BOWL (2 bowl)
[09:47:55 F0 BOARD] INFO: [FOW] Length 2 > wickets counter 1 — keeping all FOW entries (immutable). Wickets counter likely regressed.
[09:47:55 F0 BOARD] INFO: Scorecards built: BAT (2 bat) vs BOWL (2 bowl)
[09:47:55 F0 BOARD] WARN: [FOW] Rewrite REFUSED for W1: witnessed entry Kohli is immutable; new dismissal Rohit at 30/5.2 not applied. If this is a real wk-conflict, investigate the upstream wicket-counter / striker state that produced the duplicate W1.
[09:47:55 F0 BOARD] INFO: Scorecards built: BAT (2 bat) vs BOWL (2 bowl)
[09:47:55 F0 BOARD] INFO: [FOW] Placeholder W1: _unwitnessed (no fabrication — awaiting real wicket event or CB scrape enrichment)
[09:47:55 F0 BOARD] INFO: [FOW] Upgraded placeholder W1: Kohli at 30/1 (5.2) (was _unwitnessed)
[09:48:00 F0 TEST] INFO:   [OVERS FIX] digit-swap: extractor=3.0 vs confirmed=0.2 + this_over_tokens=3 → 0.3
[09:48:00 F0 TEST] INFO:   [OVERS FIX] extractor=6.0 this_over_tokens=6 → 5.6
[09:48:00 F0 TEST] INFO:   [OVERS FIX] SKIP regression: computed=8.5 < confirmed=9.0 (tokens=5 likely stale/poisoned) — keeping ext_overs=9.0
[09:48:00 F0 TEST] INFO:   [OVERS FIX] extractor=6.0 this_over_tokens=6 → 5.6
[09:48:00 F0 BOARD] INFO: Scorecards built: BAT (5 bat) vs BOWL (2 bowl)
[09:48:00 F0 COMMENTARY] INFO: [DETECT] Bowler runs lag detected: score +1, bowler runs flat but striker A runs +1 — treating as legal run off the bat, NOT leg-bye
[09:48:00 F0 COMMENTARY] INFO: [BALL ✓] 1_RUNS | 5.1 +1 runs (Δballs=1)
[09:48:00 F0 COMMENTARY] INFO: [DETECT] Likely leg bye/bye: score +1, bowler runs unchanged AND striker A runs unchanged (prev=10, now=10)
[09:48:00 F0 COMMENTARY] INFO: [BALL ✓] 1_RUNS | 5.1 +1 runs (Δballs=1)
[09:48:00 F0 COMMENTARY] INFO: [BED] Detector reset for new innings
[09:48:00 F0 COMMENTARY] INFO: [PARTNERSHIP] Tracker reset for new innings
[09:48:00 F0 OVER] INFO: [OVER] Manager reset for new innings
[09:48:00 F0 SCORE_MGR] INFO: [SM] cold-start candidate seeded 28/0 (4.4) — streak 1/3
[09:48:00 F0 SCORE_MGR] INFO: [SM] cold-start consensus building 28/0 (4.4) — streak 2/3
[09:48:00 F0 SCORE_MGR] INFO: [SM] COLD_START → WARM (consensus 3/3)  28/0 (4.4)
[09:48:00 F0 BOARD] INFO: Scorecards built: BAT (5 bat) vs BOWL (2 bowl)
[09:48:00 F0 BOARD] INFO: Scorecards built: BAT (5 bat) vs BOWL (2 bowl)
[09:48:00 F0 BOARD] WARN: [INVARIANT] Refusing to un-dismiss 'Pathum' — witnessed FOW entry exists (strip read suppressed)
[09:48:00 F0 BOARD] WARN: [INVARIANT] Refusing to un-dismiss 'Pathum' — witnessed FOW entry exists (strip read suppressed)
[09:48:00 F0 BOARD] INFO: Scorecards built: BAT (5 bat) vs BOWL (2 bowl)
[09:48:00 F0 BOARD] INFO: Scorecards built: BAT (3 bat) vs BOWL (2 bowl)
[09:48:00 F0 BOARD] WARN: Batter 'Three' rejected — 2 batters already active: ['Opener1', 'Opener2']
[09:48:00 F0 BOARD] INFO: Scorecards built: BAT (5 bat) vs BOWL (2 bowl)
[09:48:00 F0 BOARD] WARN: [INVARIANT] Demoting resurrected batter 'Pathum' (witnessed FOW entry) — restoring out status
[09:48:00 F0 BOARD] INFO: Scorecards built: BAT (5 bat) vs BOWL (2 bowl)
[09:48:00 F0 BOARD] WARN: [INVARIANT] Demoting resurrected batter 'Pathum' (witnessed FOW entry) — restoring out status
[09:48:00 F0 BOARD] INFO: Scorecards built: BAT (5 bat) vs BOWL (2 bowl)
[09:48:00 F0 BOARD] WARN: [INVARIANT] 3 active batters: ['A', 'B', 'E']
[09:48:00 F0 BOARD] WARN: [INVARIANT] Falling back to position-based deactivation; no FOW match in active set ['A', 'B', 'E'] (anomaly)
[09:48:00 F0 BOARD] WARN: [INVARIANT] Deactivated E (pos 5)
[09:48:00 F0 BOARD] INFO: Scorecards built: BAT (5 bat) vs BOWL (2 bowl)
[09:48:00 F0 BOARD] WARN: [INVARIANT] Re-asserting witnessed dismissal of 'Pathum' (wicket-tick gate bypassed — FOW canonical, _cur_wk=1 == _last_dismiss_wk=1). New batter 'Rana' will replace.
[09:48:00 F0 BOARD] INFO: Scorecards built: BAT (5 bat) vs BOWL (2 bowl)
[09:48:00 F0 BOARD] INFO: [DISMISS] Blocked — wickets counter has not advanced since last auto-dismiss (cur=1, last_dismiss_at=1). New batter 'C' is almost certainly an extractor hallucination (replay/comparison overlay) rather than a real arrival at the crease.
[09:48:00 F0 BOARD] INFO: Scorecards built: BAT (4 bat) vs BOWL (2 bowl)
[09:48:00 F0 BOARD] INFO: [DISMISS] Blocked — wickets counter has not advanced since last auto-dismiss (cur=2, last_dismiss_at=2). New batter 'C' is almost certainly an extractor hallucination (replay/comparison overlay) rather than a real arrival at the crease.
[09:48:00 F0 BOARD] INFO: Scorecards built: BAT (5 bat) vs BOWL (2 bowl)
[09:48:00 F0 BOARD] WARN: [INVARIANT] Re-asserting witnessed dismissal of 'Pathum' (wicket-tick gate bypassed — FOW canonical, _cur_wk=1 == _last_dismiss_wk=1). New batter 'Rana' will replace.
[09:48:00 F0 BOARD] INFO: Batter activated: Rana
[09:48:00 F0 BOARD] WARN: [NEW-BATTER-BALLS-GATE] Rana: proposed 30(19) exceeds fresh-admission ceiling 3 balls (since_admit=0); dropping row
[09:48:00 F0 BOARD] INFO: Scorecards built: BAT (2 bat) vs BOWL (2 bowl)
[09:48:00 F0 BOARD] INFO: [STYLES-PATCH] Updated 3 card slots from background Pass-2 enrichment (3 players)
[09:48:00 F0 BOARD] INFO: Scorecards built: BAT (2 bat) vs BOWL (2 bowl)
[09:48:00 F0 BOARD] INFO: [STYLES-PATCH] Updated 2 card slots from background Pass-2 enrichment (2 players)
[09:48:00 F0 BOARD] INFO: Scorecards built: BAT (2 bat) vs BOWL (2 bowl)
[09:48:00 F0 BOARD] INFO: [STYLES-PATCH] Updated 0 card slots from background Pass-2 enrichment (1 players)
[09:48:00 F0 BOARD] INFO: [STYLES-PATCH] Updated 0 card slots from background Pass-2 enrichment (1 players)
[09:48:00 F0 ENRICH] INFO: [pass1] A — styles:
[09:48:00 F0 ENRICH] INFO: [pass1]   p1                       RHB  | unknown
[09:48:00 F0 ENRICH] INFO: [pass1] B — styles:
[09:48:00 F0 ENRICH] INFO: [pass1]   p2                       RHB  | unknown
[09:48:00 F0 ENRICH] INFO: [pass2-bg] A — styles:
[09:48:00 F0 ENRICH] INFO: [pass2-bg]   p1                       LHB  | Right-arm fast
[09:48:00 F0 ENRICH] INFO: [pass2-bg] B — styles:
[09:48:00 F0 ENRICH] INFO: [pass2-bg]   p2                       LHB  | Right-arm fast
[09:48:00 F0 ENRICH] ERROR: Pass-2 background task crashed: simulated Pass-2 timeout
[09:48:00 F0 ENRICH] WARN: Pass-2 background failed — cached Pass-1 as fallback
[09:48:00 F0 TEST] INFO: [CLEANUP] Archived 3 frames to /var/folders/x9/910008w13pn0nvnprfp_qcpm0000gn/T/sportscomm_archival_test_hhj6z_51/debug_frames_archive/2026-04-25_184000 (was 3 in /var/folders/x9/910008w13pn0nvnprfp_qcpm0000gn/T/sportscomm_archival_test_hhj6z_51/debug_frames)
[09:48:00 F0 TEST] INFO: [CLEANUP] Archived 1 frames to /var/folders/x9/910008w13pn0nvnprfp_qcpm0000gn/T/sportscomm_archival_test_lsfia9bg/debug_frames_archive/2026-04-25_184000 (was 1 in /var/folders/x9/910008w13pn0nvnprfp_qcpm0000gn/T/sportscomm_archival_test_lsfia9bg/debug_frames)
[09:48:00 F0 TEST] INFO: [CLEANUP] Archived 1 frames to /var/folders/x9/910008w13pn0nvnprfp_qcpm0000gn/T/sportscomm_archival_test_pq3f9mme/debug_frames_archive/2026-04-20_120000 (was 1 in /var/folders/x9/910008w13pn0nvnprfp_qcpm0000gn/T/sportscomm_archival_test_pq3f9mme/debug_frames)
[09:48:00 F0 TEST] INFO: [CLEANUP] Archived 1 frames to /var/folders/x9/910008w13pn0nvnprfp_qcpm0000gn/T/sportscomm_archival_test_pq3f9mme/debug_frames_archive/2026-04-21_120000 (was 1 in /var/folders/x9/910008w13pn0nvnprfp_qcpm0000gn/T/sportscomm_archival_test_pq3f9mme/debug_frames)
[09:48:00 F0 TEST] INFO: [CLEANUP] Archived 1 frames to /var/folders/x9/910008w13pn0nvnprfp_qcpm0000gn/T/sportscomm_archival_test_pq3f9mme/debug_frames_archive/2026-04-22_120000 (was 1 in /var/folders/x9/910008w13pn0nvnprfp_qcpm0000gn/T/sportscomm_archival_test_pq3f9mme/debug_frames)
[09:48:00 F0 TEST] INFO: [CLEANUP] Archived 1 frames to /var/folders/x9/910008w13pn0nvnprfp_qcpm0000gn/T/sportscomm_archival_test_pq3f9mme/debug_frames_archive/2026-04-23_120000 (was 1 in /var/folders/x9/910008w13pn0nvnprfp_qcpm0000gn/T/sportscomm_archival_test_pq3f9mme/debug_frames)
[09:48:00 F0 TEST] INFO: [CLEANUP] Removed old archive: /var/folders/x9/910008w13pn0nvnprfp_qcpm0000gn/T/sportscomm_archival_test_pq3f9mme/debug_frames_archive/2026-04-20_120000
[09:48:00 F0 TEST] INFO: [CLEANUP] Archived 1 frames to /var/folders/x9/910008w13pn0nvnprfp_qcpm0000gn/T/sportscomm_archival_test_pq3f9mme/debug_frames_archive/2026-04-24_120000 (was 1 in /var/folders/x9/910008w13pn0nvnprfp_qcpm0000gn/T/sportscomm_archival_test_pq3f9mme/debug_frames)
[09:48:00 F0 TEST] INFO: [CLEANUP] Removed old archive: /var/folders/x9/910008w13pn0nvnprfp_qcpm0000gn/T/sportscomm_archival_test_pq3f9mme/debug_frames_archive/2026-04-21_120000
[09:48:00 F0 TEST] INFO: [CLEANUP] Archived 1 frames to /var/folders/x9/910008w13pn0nvnprfp_qcpm0000gn/T/sportscomm_archival_test_pq3f9mme/debug_frames_archive/2026-04-25_120000 (was 1 in /var/folders/x9/910008w13pn0nvnprfp_qcpm0000gn/T/sportscomm_archival_test_pq3f9mme/debug_frames)
[09:48:00 F0 TEST] INFO: [CLEANUP] Removed old archive: /var/folders/x9/910008w13pn0nvnprfp_qcpm0000gn/T/sportscomm_archival_test_pq3f9mme/debug_frames_archive/2026-04-22_120000
[09:48:00 F0 TEST] INFO: [CLEANUP] Archived 1 frames to /var/folders/x9/910008w13pn0nvnprfp_qcpm0000gn/T/sportscomm_archival_test_e248wt2n/debug_frames_archive/2026-04-23_120000 (was 1 in /var/folders/x9/910008w13pn0nvnprfp_qcpm0000gn/T/sportscomm_archival_test_e248wt2n/debug_frames)
[09:48:00 F0 TEST] INFO: [CLEANUP] Archived 1 frames to /var/folders/x9/910008w13pn0nvnprfp_qcpm0000gn/T/sportscomm_archival_test_e248wt2n/debug_frames_archive/2026-04-24_120000 (was 1 in /var/folders/x9/910008w13pn0nvnprfp_qcpm0000gn/T/sportscomm_archival_test_e248wt2n/debug_frames)
[09:48:00 F0 BOARD] INFO: Scorecards built: Rajasthan Royals (2 bat) vs Sunrisers Hyderabad (4 bowl)
[09:48:00 F0 TRACK] INFO: bowl:Sakib Hussain:runs: initial proposed 13 (2/3 — waiting)
[09:48:00 F0 TRACK] INFO: bowl:Sakib Hussain:wickets: initial proposed 1 (2/3 — waiting)
[09:48:00 F0 TRACK] INFO: bowl:Sakib Hussain:overs: initial proposed 1 (2/3 — waiting)
[09:48:00 F0 TRACK] INFO: bowl:Sakib Hussain:runs: initial → 13 (cold-start consensus 3/3)
[09:48:00 F0 TRACK] INFO: bowl:Sakib Hussain:wickets: initial → 1 (cold-start consensus 3/3)
[09:48:00 F0 TRACK] INFO: bowl:Sakib Hussain:overs: initial → 1 (cold-start consensus 3/3)
[09:48:00 F0 BOARD] INFO: Sakib Hussain: None/None (None) -> 1/13 (1) [F102]
[09:48:00 F0 TRACK] INFO: bowl:Shivang Kumar:runs: initial proposed 1 (2/3 — waiting)
[09:48:00 F0 TRACK] INFO: bowl:Shivang Kumar:wickets: initial proposed 0 (2/3 — waiting)
[09:48:00 F0 TRACK] INFO: bowl:Shivang Kumar:overs: initial proposed 0.1 (2/3 — waiting)
[09:48:00 F0 TRACK] INFO: bowl:Shivang Kumar:runs: initial → 1 (cold-start consensus 3/3)
[09:48:00 F0 TRACK] INFO: bowl:Shivang Kumar:wickets: initial → 0 (cold-start consensus 3/3)
[09:48:00 F0 TRACK] INFO: bowl:Shivang Kumar:overs: initial → 0.1 (cold-start consensus 3/3)
[09:48:00 F0 BOARD] INFO: Shivang Kumar: None/None (None) -> 0/1 (0.1) [F313]
[09:48:00 F0 BOARD] INFO: [BOWLER OVERRIDE] Sakib Hussain → Shivang Kumar (reads=3, must_change=False)
[09:48:00 F0 BOARD] INFO: Scorecards built: Rajasthan Royals (2 bat) vs Sunrisers Hyderabad (4 bowl)
[09:48:00 F0 TRACK] INFO: bowl:Pat Cummins:runs: initial proposed 20 (2/3 — waiting)
[09:48:00 F0 TRACK] INFO: bowl:Pat Cummins:wickets: initial proposed 0 (2/3 — waiting)
[09:48:00 F0 TRACK] INFO: bowl:Pat Cummins:overs: initial proposed 2 (2/3 — waiting)
[09:48:00 F0 TRACK] INFO: bowl:Pat Cummins:runs: initial → 20 (cold-start consensus 3/3)
[09:48:00 F0 TRACK] INFO: bowl:Pat Cummins:wickets: initial → 0 (cold-start consensus 3/3)
[09:48:00 F0 TRACK] INFO: bowl:Pat Cummins:overs: initial → 2 (cold-start consensus 3/3)
[09:48:00 F0 BOARD] INFO: Pat Cummins: None/None (None) -> 0/20 (2) [F402]
[09:48:00 F0 TRACK] INFO: bowl:Sakib Hussain:runs: initial proposed 4 (2/3 — waiting)
[09:48:00 F0 TRACK] INFO: bowl:Sakib Hussain:wickets: initial proposed 0 (2/3 — waiting)
[09:48:00 F0 TRACK] INFO: bowl:Sakib Hussain:overs: initial proposed 0.2 (2/3 — waiting)
[09:48:00 F0 TRACK] INFO: bowl:Sakib Hussain:runs: initial → 4 (cold-start consensus 3/3)
[09:48:00 F0 TRACK] INFO: bowl:Sakib Hussain:wickets: initial → 0 (cold-start consensus 3/3)
[09:48:00 F0 TRACK] INFO: bowl:Sakib Hussain:overs: initial → 0.2 (cold-start consensus 3/3)
[09:48:00 F0 BOARD] INFO: Sakib Hussain: None/None (None) -> 0/4 (0.2) [F529]
[09:48:00 F0 BOARD] INFO: [BOWLER OVERRIDE] Pat Cummins → Sakib Hussain (reads=3, must_change=False)
[09:48:00 F0 BOARD] INFO: Scorecards built: Rajasthan Royals (2 bat) vs Sunrisers Hyderabad (4 bowl)
[09:48:00 F0 TRACK] INFO: bowl:Shivang Kumar:runs: initial proposed 10 (2/3 — waiting)
[09:48:00 F0 TRACK] INFO: bowl:Shivang Kumar:wickets: initial proposed 0 (2/3 — waiting)
[09:48:00 F0 TRACK] INFO: bowl:Shivang Kumar:overs: initial proposed 1.0 (2/3 — waiting)
[09:48:00 F0 TRACK] INFO: bowl:Shivang Kumar:runs: initial → 10 (cold-start consensus 3/3)
[09:48:00 F0 TRACK] INFO: bowl:Shivang Kumar:wickets: initial → 0 (cold-start consensus 3/3)
[09:48:00 F0 TRACK] INFO: bowl:Shivang Kumar:overs: initial → 1.0 (cold-start consensus 3/3)
[09:48:00 F0 BOARD] INFO: Shivang Kumar: None/None (None) -> 0/10 (1.0) [F102]
[09:48:00 F0 BOARD] INFO:   [BOWLER-STALE] Rejecting 'Shivang Kumar' read — proposed 0-10(1.0) exactly matches recorded 0-10(1.0); no handoff grace (must_change=False). Likely stale end-of-spell graphic; current_bowler stays 'Pat Cummins'
[09:48:00 F0 BOARD] INFO: Scorecards built: Rajasthan Royals (2 bat) vs Sunrisers Hyderabad (4 bowl)
[09:48:00 F0 TRACK] INFO: bowl:Shivang Kumar:runs: initial proposed 1 (2/3 — waiting)
[09:48:00 F0 TRACK] INFO: bowl:Shivang Kumar:wickets: initial proposed 0 (2/3 — waiting)
[09:48:00 F0 TRACK] INFO: bowl:Shivang Kumar:overs: initial proposed 0.1 (2/3 — waiting)
[09:48:00 F0 TRACK] INFO: bowl:Shivang Kumar:runs: initial → 1 (cold-start consensus 3/3)
[09:48:00 F0 TRACK] INFO: bowl:Shivang Kumar:wickets: initial → 0 (cold-start consensus 3/3)
[09:48:00 F0 TRACK] INFO: bowl:Shivang Kumar:overs: initial → 0.1 (cold-start consensus 3/3)
[09:48:00 F0 BOARD] INFO: Shivang Kumar: None/None (None) -> 0/1 (0.1) [F102]
[09:48:00 F0 BOARD] INFO: [BOWLER OVERRIDE] Sakib Hussain → Shivang Kumar (reads=3, must_change=False)
[09:48:00 F0 BOARD] INFO: Scorecards built: Rajasthan Royals (2 bat) vs Sunrisers Hyderabad (4 bowl)
[09:48:00 F0 TRACK] INFO: bowl:Shivang Kumar:runs: initial proposed 1 (2/3 — waiting)
[09:48:00 F0 TRACK] INFO: bowl:Shivang Kumar:wickets: initial proposed 0 (2/3 — waiting)
[09:48:00 F0 TRACK] INFO: bowl:Shivang Kumar:overs: initial proposed 0.1 (2/3 — waiting)
[09:48:00 F0 TRACK] INFO: bowl:Shivang Kumar:runs: initial → 1 (cold-start consensus 3/3)
[09:48:00 F0 TRACK] INFO: bowl:Shivang Kumar:wickets: initial → 0 (cold-start consensus 3/3)
[09:48:00 F0 TRACK] INFO: bowl:Shivang Kumar:overs: initial → 0.1 (cold-start consensus 3/3)
[09:48:00 F0 BOARD] INFO: Shivang Kumar: None/None (None) -> 0/1 (0.1) [F102]
[09:48:00 F0 BOARD] INFO:   [BOWLER-STALE] Rejecting 'Shivang Kumar' read — proposed 0-1(0.1) exactly matches recorded 0-1(0.1); no handoff grace (must_change=False). Likely stale end-of-spell graphic; current_bowler stays 'Pat Cummins'
[09:48:00 F0 BOARD] INFO: Scorecards built: Delhi Capitals (2 bat) vs Royal Challengers Bengaluru (2 bowl)
[09:48:00 F0 TRACK] INFO: bowl:Suyash Sharma:runs: initial proposed 8 (2/3 — waiting)
[09:48:00 F0 TRACK] INFO: bowl:Suyash Sharma:wickets: initial proposed 0 (2/3 — waiting)
[09:48:00 F0 TRACK] INFO: bowl:Suyash Sharma:overs: initial proposed 0.2 (2/3 — waiting)
[09:48:00 F0 BOARD] WARN:   [BOWLER-TEAM-OVER-CONSENSUS] accepting 'Suyash Sharma' after 2 reads — candidate overs 0.2 matches team over 10.2 while current_bowler 'Bhuvneshwar Kumar' is inconsistent
[09:48:00 F0 BOARD] INFO: [BOWLER OVERRIDE] Bhuvneshwar Kumar → Suyash Sharma (reads=2, must_change=False)
[09:48:00 F0 BOARD] INFO: [BOWLER SEED] Suyash Sharma figures seeded from scout text to 0-8 (0.2) — mid-spell entry (impact sub / mid-match join)
[09:48:00 F0 BOARD] INFO: Scorecards built: Delhi Capitals (2 bat) vs Royal Challengers Bengaluru (2 bowl)
[09:48:00 F0 TRACK] INFO: bowl:Suyash Sharma:runs: initial proposed 4 (2/3 — waiting)
[09:48:00 F0 TRACK] INFO: bowl:Suyash Sharma:wickets: initial proposed 0 (2/3 — waiting)
[09:48:00 F0 TRACK] INFO: bowl:Suyash Sharma:overs: initial proposed 0.1 (2/3 — waiting)
[09:48:00 F0 OVER] WARN: [TOKEN-VALIDATE] Rejecting broadcast tokens ['139', '148', '143', '147', '145', '140'] — illegal token(s) ['139', '148', '143', '147', '145', '140'] outside cricket-scorecard alphabet (likely speed-track misread or adjacent-strip OCR pollution)
[09:48:00 F0 OVER] WARN: [TOKEN-VALIDATE] Rejecting broadcast tokens ['2161'] — illegal token(s) ['2161'] outside cricket-scorecard alphabet (likely speed-track misread or adjacent-strip OCR pollution)
[09:48:00 F0 OVER] WARN: [TOKEN-VALIDATE] Rejecting broadcast tokens ['11', '.', '41'] — illegal token(s) ['11', '41'] outside cricket-scorecard alphabet (likely speed-track misread or adjacent-strip OCR pollution)
[09:48:00 F0 OVER] INFO: Broadcast fill (cold-start, empty local): ['1', '.', '4', 'Wd', 'W', '6']
[09:48:00 F0 OVER] WARN: [TOKEN-VALIDATE] Rejecting broadcast tokens ['1', '.', '4', 'Wd', '139', '6'] — illegal token(s) ['139'] outside cricket-scorecard alphabet (likely speed-track misread or adjacent-strip OCR pollution)
[09:48:00 F0 OVER] INFO: [FOW-REORDER] W repositioned from legal-ball 4 → 5 (FOW upgrade): this_over=['.', '.', '.', 'Wd', '6', 'W']
[09:48:00 F0 OVER] INFO: [FOW-REORDER] W repositioned from legal-ball 4 → 3 (FOW upgrade): this_over=['Wd', '6', 'Nb+1', '.', 'W', '1']
[09:48:00 F0 OVER] INFO: [FOW-REORDER] W repositioned from legal-ball 3 → 2 (FOW upgrade): this_over=['Wd', '6', 'W', 'Nb+1', '1']
[09:48:00 F0 BOARD] INFO: Scorecards built: BAT (5 bat) vs BOWL (2 bowl)
[09:48:00 F0 BOARD] INFO: [FOW] Upgraded placeholder W1: A at 7/1 (0.5) (was tentative)
[09:48:00 F0 BOARD] INFO: Scorecards built: BAT (5 bat) vs BOWL (2 bowl)
[09:48:00 F0 BOARD] WARN: [FOW] Rewrite REFUSED for W1: witnessed entry A is immutable; new dismissal B at 7/0.5 not applied. If this is a real wk-conflict, investigate the upstream wicket-counter / striker state that produced the duplicate W1.
[09:48:00 F0 TRACK] INFO: overs: initial proposed 6.0 (2/3 — waiting)
[09:48:00 F0 TRACK] INFO: overs: initial → 6.0 (cold-start consensus 3/3)
[09:48:00 F0 TRACK] INFO: [SUSPICIOUS] overs: 6.0→0.5 (backwards)
[09:48:00 F0 TRACK] INFO: [SUSPICIOUS] overs: 6.0→0.5 (backwards)
[09:48:00 F0 TRACK] INFO: [SUSPICIOUS] overs: 6.0→0.5 count=1/3
[09:48:00 F0 TRACK] INFO: [SUSPICIOUS] overs: 6.0→0.5 (backwards)
[09:48:00 F0 TRACK] INFO: [SUSPICIOUS] overs: 6.0→0.5 count=2/3
[09:48:00 F0 TRACK] INFO: [SUSPICIOUS] overs: 6.0→0.5 (backwards)
[09:48:00 F0 TRACK] INFO: [CONSENSUS-BLOCKED] overs: 6.0→0.5 — match overs cannot regress within an innings (likely dead-time / placeholder-graphic misread)
[09:48:00 F0 TRACK] INFO: overs: initial proposed 6.0 (2/3 — waiting)
[09:48:00 F0 TRACK] INFO: overs: initial → 6.0 (cold-start consensus 3/3)
[09:48:00 F0 TRACK] INFO: overs: 6.0 → 6.1 (confirmed F5)
[09:48:00 F0 TRACK] INFO: overs: initial proposed 19.6 (2/3 — waiting)
[09:48:00 F0 TRACK] INFO: overs: initial → 19.6 (cold-start consensus 3/3)
[09:48:00 F0 TRACK] INFO: overs: initial proposed 0.0 (2/3 — waiting)
[09:48:00 F0 TRACK] INFO: overs: initial → 0.0 (cold-start consensus 3/3)
[09:48:00 F0 TRACK] INFO: overs: initial proposed 100 (2/3 — waiting)
[09:48:00 F0 TRACK] INFO: overs: initial → 100 (cold-start consensus 3/3)
[09:48:00 F0 TRACK] INFO: score: initial proposed 200 (2/3 — waiting)
[09:48:00 F0 TRACK] INFO: score: initial → 200 (cold-start consensus 3/3)
[09:48:00 F0 TRACK] INFO: [SUSPICIOUS] score: 200→50 (any decrease is suspicious in normal play)
[09:48:00 F0 TRACK] INFO: [SUSPICIOUS] score: 200→50 (any decrease is suspicious in normal play)
[09:48:00 F0 TRACK] INFO: [SUSPICIOUS] score: 200→50 count=1/3
[09:48:00 F0 TRACK] INFO: [SUSPICIOUS] score: 200→50 (any decrease is suspicious in normal play)
[09:48:00 F0 TRACK] INFO: [SUSPICIOUS] score: 200→50 count=2/3
[09:48:00 F0 TRACK] INFO: [SUSPICIOUS] score: 200→50 (any decrease is suspicious in normal play)
[09:48:00 F0 TRACK] INFO: [CONSENSUS] score: 200 → 50 (extractor agreed 4 frames)
[09:48:00 F0 BOARD] INFO: Scorecards built: Rajasthan Royals (3 bat) vs Sunrisers Hyderabad (2 bowl)
[09:48:00 F0 BOARD] WARN:   [STRIKER-COLLISION] Refusing non_striker=Parag — already striker; would self-collide
[09:48:00 F0 BOARD] INFO: Scorecards built: Rajasthan Royals (3 bat) vs Sunrisers Hyderabad (2 bowl)
[09:48:00 F0 BOARD] WARN:   [STRIKER-COLLISION] Refusing striker=Sooryavanshi — already non_striker; would self-collide
[09:48:00 F0 BOARD] INFO: Scorecards built: Rajasthan Royals (3 bat) vs Sunrisers Hyderabad (2 bowl)
[09:48:00 F0 BOARD] INFO: Scorecards built: Rajasthan Royals (3 bat) vs Sunrisers Hyderabad (2 bowl)
[09:48:00 F0 BOARD] WARN:   [STRIKER-COLLISION] Refusing non_striker=Sooryavanshi — already striker; would self-collide
[09:48:00 F0 BOARD] INFO: Scorecards built: Rajasthan Royals (4 bat) vs Sunrisers Hyderabad (2 bowl)
[09:48:00 F0 BOARD] INFO: Scorecards built: Rajasthan Royals (4 bat) vs Sunrisers Hyderabad (2 bowl)
[09:48:00 F0 BOARD] INFO: Scorecards built: Rajasthan Royals (4 bat) vs Sunrisers Hyderabad (2 bowl)
[09:48:00 F0 BOARD] INFO: Scorecards built: Rajasthan Royals (4 bat) vs Sunrisers Hyderabad (2 bowl)
[09:48:00 F0 BOARD] INFO: Scorecards built: Rajasthan Royals (4 bat) vs Sunrisers Hyderabad (2 bowl)
[09:48:00 F0 BOARD] INFO: Scorecards built: Rajasthan Royals (4 bat) vs Sunrisers Hyderabad (2 bowl)
[09:48:00 F0 BOARD] INFO: Scorecards built: Rajasthan Royals (4 bat) vs Sunrisers Hyderabad (2 bowl)
[09:48:00 F0 TEST] WARN:   [INFO-PANEL-GATE] bowler stripped — name='YUZVENDRA CHAHAL' panel_keyword='IPL CAREER'
[09:48:00 F0 TEST] WARN:   [INFO-PANEL-GATE] bowler stripped — name='YUZVENDRA CHAHAL' panel_keyword='IPL CAREER'
[09:48:00 F0 TEST] INFO:   [INFO PANEL] Detected (keyword='HEAD TO HEAD') — no bowler in extracted, tracker will bound values
[09:48:00 F0 TEST] WARN:   [INFO-PANEL-GATE] bowler stripped — name='YUZVENDRA CHAHAL' panel_keyword='PROJECTED SCORE'
[09:48:00 F0 TEST] WARN:   [STANDINGS-ROW-GATE] score fields stripped — keyword='STANDINGS'
[09:48:00 F0 BOARD] INFO: Scorecards built: KKR (3 bat) vs DC (2 bowl)
[09:48:00 F0 TEST] WARN:   [BATTER-NORMALIZE] dropping surname ghost 'SINGH' paired with 'Rinku Singh'
[09:48:00 F0 BOARD] INFO: Scorecards built: BAT (4 bat) vs BOWL (2 bowl)
[09:48:00 F0 BOARD] INFO: Batter activated: New Batter
[09:48:00 F0 BOARD] WARN: [NEW-BATTER-BALLS-GATE] New Batter: proposed 0(16) exceeds fresh-admission ceiling 3 balls (since_admit=0); dropping row
[09:48:00 F0 BOARD] INFO: Scorecards built: DC (3 bat) vs RCB (2 bowl)
[09:48:00 F0 TEST] WARN:   [BOWLER-BATTER-GATE] bowler stripped — name='KL Rahul' resolved_batter='KL Rahul' complete_figures=False
[09:48:00 F0 SCORE_MGR] INFO: [SM] cold-start zero candidate rejected as contextual graphic: scout='DRS REVIEW graphic, no live batter/bowler strip'
[09:48:00 F0 SCORE_MGR] INFO: [SM] cold-start zero candidate rejected as contextual graphic: scout='DRS REVIEW graphic, no live batter/bowler strip'
[09:48:00 F0 SCORE_MGR] INFO: [SM] cold-start zero candidate rejected as contextual graphic: scout='DRS REVIEW graphic, no live batter/bowler strip'
[09:48:00 F0 SCORE_MGR] INFO: [SM] cold-start candidate seeded 75/3 (10.2) — streak 1/3
[09:48:00 F0 SCORE_MGR] INFO: [SM] cold-start consensus building 75/3 (10.2) — streak 2/3
[09:48:00 F0 SCORE_MGR] INFO: [SM] COLD_START → WARM (consensus 3/3)  75/3 (10.2)
[09:48:00 F0 OVER] INFO: [OVER-RESYNC] Cursor aligned to over 16 from team_overs='16.3' (test); cleared current tokens
[09:48:00 F0 BOARD] INFO: Scorecards built: BAT (10 bat) vs BOWL (1 bowl)
[09:48:00 F0 BOARD] INFO: [FOW] Placeholder W1: _unwitnessed (no fabrication — awaiting real wicket event or CB scrape enrichment)
[09:48:00 F0 BOARD] INFO: [FOW] Placeholder W2: _unwitnessed (no fabrication — awaiting real wicket event or CB scrape enrichment)
[09:48:00 F0 BOARD] INFO: [FOW] Placeholder W3: _unwitnessed (no fabrication — awaiting real wicket event or CB scrape enrichment)
[09:48:00 F0 BOARD] INFO: [FOW] Placeholder W4: _unwitnessed (no fabrication — awaiting real wicket event or CB scrape enrichment)
[09:48:00 F0 BOARD] INFO: [FOW] Placeholder W5: _unwitnessed (no fabrication — awaiting real wicket event or CB scrape enrichment)
[09:48:00 F0 BOARD] INFO: [FOW] Placeholder W6: _unwitnessed (no fabrication — awaiting real wicket event or CB scrape enrichment)
[09:48:00 F0 BOARD] INFO: [FOW] Placeholder W7: _unwitnessed (no fabrication — awaiting real wicket event or CB scrape enrichment)
[09:48:00 F0 BOARD] INFO: [FOW] Placeholder W8: _unwitnessed (no fabrication — awaiting real wicket event or CB scrape enrichment)
[09:48:00 F0 BOARD] INFO: [FOW] Placeholder W9: _unwitnessed (no fabrication — awaiting real wicket event or CB scrape enrichment)
[09:48:00 F0 BOARD] INFO: [FOW] Placeholder W10: _unwitnessed (no fabrication — awaiting real wicket event or CB scrape enrichment)
[09:48:00 F0 BOARD] INFO: wickets: 9 -> 10 [F200]
[09:48:00 F0 BOARD] WARN: [ALL-OUT-AUTHORITY] Promoted wickets 9→10 from innings break evidence; contextual wicket regressions locked until innings transition
[09:48:00 F0 BOARD] WARN: Wickets regression rejected under all-out lock: 10→2 (source=innings break evidence)
[09:48:00 F0 BOARD] INFO: Scorecards built: BAT (2 bat) vs BOWL (1 bowl)
[09:48:00 F0 BOARD] WARN: Score regression rejected: 36→35 (normal-play score physics; reset authority required)
[09:48:00 F0 BOARD] INFO: Scorecards built: DC (3 bat) vs RCB (1 bowl)
[09:48:00 F0 TEST] WARN:   [WS-SLOT-INVARIANT] duplicate slots 'Abishek Porel'; rebuilt non_striker='KL Rahul' from active card
[09:48:00 F0 BOARD] INFO: Scorecards built: DC (2 bat) vs RCB (1 bowl)
[09:48:00 F0 TEST] WARN:   [WS-SLOT-INVARIANT] duplicate slots 'Abishek Porel'; cleared non_striker (no alternate active batter)
[09:48:00 F0 BOARD] INFO: Scorecards built: BAT (5 bat) vs BOWL (2 bowl)
[09:48:00 F0 BOARD] INFO: [POST-WICKET-ROTATION] striker 'Sarfaraz' dismissed → rotated non_striker 'Survivor' into striker slot; non_striker cleared pending new-batter admission.
[09:48:00 F0 BOARD] INFO: Scorecards built: BAT (5 bat) vs BOWL (2 bowl)
[09:48:00 F0 BOARD] INFO: [POST-WICKET-ROTATION] non_striker 'Dube' dismissed → slot cleared pending new-batter admission.
[09:48:00 F0 BOARD] INFO: Scorecards built: BAT (5 bat) vs BOWL (2 bowl)
[09:48:00 F0 BOARD] INFO: [POST-WICKET-ROTATION] striker 'RunOut' dismissed → rotated non_striker 'Survivor' into striker slot; non_striker cleared pending new-batter admission.
[09:48:00 F0 BOARD] INFO: Scorecards built: BAT (5 bat) vs BOWL (2 bowl)
[09:48:00 F0 BOARD] INFO: Scorecards built: BAT (5 bat) vs BOWL (2 bowl)
[09:48:00 F0 BOARD] WARN: [POST-WICKET-ROTATION] anomaly: 'Collided' occupied BOTH striker and non_striker slots — both cleared defensively (likely prior collision state that Fix 5 did not catch).
[09:48:00 F0 BOARD] INFO: Scorecards built: BAT (5 bat) vs BOWL (2 bowl)
[09:48:00 F0 BOARD] INFO: [FOW] Upgraded placeholder W1: Overton at 145/1 (18.6) (was _unwitnessed, was tentative)
[09:48:00 F0 BOARD] INFO: [POST-WICKET-ROTATION] non_striker 'Overton' dismissed → slot cleared pending new-batter admission.
[09:48:00 F0 BOARD] INFO: Scorecards built: KKR (5 bat) vs LSG (2 bowl)
[09:48:00 F0 BOARD] INFO: [FOW] Upgraded placeholder W4: Powell at 31/4 (6.1) (was _unwitnessed, was tentative)
[09:48:00 F0 BOARD] INFO: [POST-WICKET-CARD-PROPAGATE] 'Powell' dismissed but not in crease slots — batting_card.status flipped 'batting'→'out' (real-time-delayed-witness path, Fix 13 Case 5).
[09:48:00 F0 BOARD] INFO: Scorecards built: BAT (5 bat) vs BOWL (2 bowl)
[09:48:00 F0 BOARD] INFO: [POST-WICKET-ROTATION] non_striker 'Sarfaraz' dismissed → slot cleared pending new-batter admission.
[09:48:00 F0 BOARD] INFO: [WICKET] Auto-dismissed Sarfaraz — not in extractor output, NewBatter replacing
[09:48:00 F0 BOARD] INFO: Scorecards built: BAT (5 bat) vs BOWL (2 bowl)
[09:48:00 F0 BOARD] INFO: [POST-WICKET-ROTATION] striker 'Dube' dismissed → rotated non_striker 'Other' into striker slot; non_striker cleared pending new-batter admission.
[09:48:00 F0 BOARD] INFO: DISMISSED: Dube None(None) — bowled | FOW 0/80 (11.5)
[09:48:00 F0 BOARD] INFO: Scorecards built: BAT (2 bat) vs BOWL (2 bowl)
[09:48:00 F0 BOARD] INFO: Scorecards built: LSG (5 bat) vs KKR (2 bowl)
[09:48:00 F0 BOARD] INFO: [POST-WICKET-ROTATION] striker 'Marsh' dismissed → rotated non_striker 'Markram' into striker slot; non_striker cleared pending new-batter admission.
[09:48:00 F0 BOARD] INFO: Scorecards built: BAT (7 bat) vs BOWL (2 bowl)
[09:48:00 F0 TEST] WARN:   [EXTRAS-INF-GATE] wkts=3: proposed bat_sum=47 > score=30 (excess=17) — rejecting batter proposals (Brevis=20, Other=5). Cricket physics violation; phantom commit prevented.
[09:48:00 F0 BOARD] INFO: Scorecards built: BAT (6 bat) vs BOWL (2 bowl)
[09:48:00 F0 BOARD] INFO: Scorecards built: BAT (6 bat) vs BOWL (2 bowl)
[09:48:00 F0 BOARD] INFO: Scorecards built: BAT (7 bat) vs BOWL (2 bowl)
[09:48:00 F0 BOARD] INFO: Scorecards built: BAT (5 bat) vs BOWL (2 bowl)
[09:48:00 F0 TEST] WARN:   [EXTRAS-INF-GATE] wkts=3: proposed bat_sum=47 > score=30 (excess=17) — rejecting batter proposals (NewBat1=20, NewBat2=5). Cricket physics violation; phantom commit prevented.
[09:48:00 F0 BOARD] INFO: Scorecards built: BAT (11 bat) vs BOWL (2 bowl)
[09:48:00 F0 TEST] WARN:   [EXTRAS-INF-GATE] wkts=7: proposed bat_sum=176 > score=154 (excess=22) — rejecting batter proposals (Hosein=21, Gaikwad=70). Cricket physics violation; phantom commit prevented.
[09:48:00 F0 BOARD] INFO: Scorecards built: BAT (3 bat) vs BOWL (2 bowl)
[09:48:00 F0 BOARD] INFO: Scorecards built: BAT (8 bat) vs BOWL (2 bowl)
[09:48:00 F0 TEST] WARN:   [BALLS-CEILING-GATE] overs=6.1 (legal_balls=37, ceiling=39): Powell=balls=56 — rejecting batter proposals.  Cricket physics violation (per-batter balls cannot exceed innings total); phantom stat-overlay commit prevented (Powell 14(56) class).
[09:48:00 F0 BOARD] INFO: Scorecards built: BAT (7 bat) vs BOWL (2 bowl)
[09:48:00 F0 BOARD] INFO: Scorecards built: BAT (5 bat) vs BOWL (2 bowl)
[09:48:00 F0 BOARD] WARN: Batter 'Bat2' balls regression 3→0 rejected (>2 balls backward) — dropping runs=5 too (whole-row invalidation)
[09:48:00 F0 BOARD] INFO: Scorecards built: BAT (6 bat) vs BOWL (2 bowl)
[09:48:00 F0 TEST] WARN:   [SCORE-INF-GATE] score 20→27 (advance=+7) > explained (bat_delta=0 + extras_max=6 = 6) — rejecting score commit.  Score-side phantom (Layer 1.5, F52/F53 class).
[09:48:00 F0 BOARD] INFO: Scorecards built: BAT (6 bat) vs BOWL (2 bowl)
[09:48:00 F0 TEST] WARN:   [EXTRAS-INF-GATE] wkts=2: proposed bat_sum=24 > score=20 (excess=4) — rejecting batter proposals (Bat1=12). Cricket physics violation; phantom commit prevented.
[09:48:00 F0 BOARD] INFO: Scorecards built: BAT (6 bat) vs BOWL (2 bowl)
[09:48:00 F0 SCORE_MGR] INFO: [SM-INNINGS-2-RESET] reason=test: archiving innings 1 (180/6 (19.6) team=TeamA) and resetting all per-innings cached scalars.  target=181 new_batting_team=TeamB.
[09:48:00 F0 SCORE_MGR] INFO: [SM-INNINGS-2-RESET] reason=set_innings_2: archiving innings 1 (100/None (None) team=None) and resetting all per-innings cached scalars.  target=101 new_batting_team=B.
[09:48:00 F0 TEST] INFO: [WS-COLD-START-GATE] OPEN — batting_team committed (team='KKR' score=0).  All subsequent WS broadcasts pass through (Fix 17 Path D).
[09:48:00 F0 TEST] INFO: [WS-COLD-START-GATE] OPEN — batting_team committed (team='Kolkata Knight Riders' score=130).  All subsequent WS broadcasts pass through (Fix 17 Path D).
[09:48:00 F0 TEST] WARN: [WS-COLD-START-GATE] OPEN (timeout) — 100s elapsed since first broadcast attempt without first committed non-zero state.  Releasing gate to avoid UI hang (Fix 17 Path D).
[09:48:00 F0 BOARD] INFO: Scorecards built: BAT (5 bat) vs BOWL (2 bowl)
[09:48:00 F0 BOARD] WARN: [BAT-SUM-RECONCILER] divergence detected: bat_sum=37 > score+5=35 (excess=7).  Layer 2 detection-only — Layer 3 cap-reset engages at +10.
[09:48:00 F0 BOARD] INFO: Scorecards built: BAT (5 bat) vs BOWL (2 bowl)
[09:48:00 F0 BOARD] WARN: [BAT-SUM-RECONCILER] divergence detected: bat_sum=47 > score+5=35 (excess=17).  Layer 2 detection-only — Layer 3 cap-reset engages at +10.
[09:48:00 F0 BOARD] WARN: [INVARIANT] Batter total 47 > score 30+10. Capping batters.
[09:48:00 F0 BOARD] WARN: [CAP-RESET-LAST-ADVANCE] iter=1 reset 'B' (runs was 25, last advance at frame 200 24→25).  bat_sum was 47 > score+10; Path C hybrid (Fix 18 Layer 3).
[09:48:00 F0 BOARD] INFO: Scorecards built: BAT (5 bat) vs BOWL (2 bowl)
[09:48:00 F0 BOARD] WARN: [BAT-SUM-RECONCILER] divergence detected: bat_sum=100 > score+5=35 (excess=70).  Layer 2 detection-only — Layer 3 cap-reset engages at +10.
[09:48:00 F0 BOARD] WARN: [INVARIANT] Batter total 100 > score 30+10. Capping batters.
[09:48:00 F0 BOARD] WARN: [CAP-RESET-LAST-ADVANCE] iter=1 reset 'B' (runs was 50, last advance at frame 200 49→50).  bat_sum was 100 > score+10; Path C hybrid (Fix 18 Layer 3).
[09:48:00 F0 BOARD] WARN: [CAP-RESET-LAST-ADVANCE] iter=2 reset 'A' (runs was 50, last advance at frame 100 49→50).  bat_sum was 50 > score+10; Path C hybrid (Fix 18 Layer 3).
[09:48:00 F0 BOARD] INFO: Scorecards built: BAT (5 bat) vs BOWL (2 bowl)
[09:48:00 F0 BOARD] INFO: [INNINGS] Set to 2. Target: None. All trackers reset.
[09:48:00 F0 BOARD] INFO: Scorecards built: BAT (5 bat) vs BOWL (2 bowl)
[09:48:00 F0 TRACK] INFO: bat:A:runs: 5 → 9 (fast-confirm, natural increment F100)
[09:48:00 F0 TRACK] INFO: bat:A:balls: 4 → 5 (fast-confirm, natural increment F100)
[09:48:00 F0 BOARD] INFO: A: 5(4) -> 9(5) [F100]
[09:48:00 F0 BOARD] INFO: Scorecards built: BAT (5 bat) vs BOWL (2 bowl)
[09:48:00 F0 BOARD] WARN: Batter 'Dube' runs regression 31→22 (-9) rejected — dropping balls 13 too (whole-row invalidation)
[09:48:00 F0 BOARD] INFO:   [RUNS-REJECT-STREAK] Dube=22 streak=1/5 (cur=31 held)
[09:48:00 F0 BOARD] WARN: Batter 'Dube' runs regression 31→22 (-9) rejected — dropping balls 14 too (whole-row invalidation)
[09:48:00 F0 BOARD] INFO:   [RUNS-REJECT-STREAK] Dube=22 streak=2/5 (cur=31 held)
[09:48:00 F0 BOARD] WARN: Batter 'Dube' runs regression 31→22 (-9) rejected — dropping balls 15 too (whole-row invalidation)
[09:48:00 F0 BOARD] INFO:   [RUNS-REJECT-STREAK] Dube=22 streak=3/5 (cur=31 held)
[09:48:00 F0 BOARD] WARN: Batter 'Dube' runs regression 31→22 (-9) rejected — dropping balls 16 too (whole-row invalidation)
[09:48:00 F0 BOARD] INFO:   [RUNS-REJECT-STREAK] Dube=22 streak=4/5 (cur=31 held)
[09:48:00 F0 BOARD] INFO: Scorecards built: BAT (5 bat) vs BOWL (2 bowl)
[09:48:00 F0 BOARD] WARN: Batter 'Dube' runs regression 31→22 (-9) rejected — dropping balls 13 too (whole-row invalidation)
[09:48:00 F0 BOARD] INFO:   [RUNS-REJECT-STREAK] Dube=22 streak=1/5 (cur=31 held)
[09:48:00 F0 BOARD] WARN: Batter 'Dube' runs regression 31→22 (-9) rejected — dropping balls 13 too (whole-row invalidation)
[09:48:00 F0 BOARD] INFO:   [RUNS-REJECT-STREAK] Dube=22 streak=2/5 (cur=31 held)
[09:48:00 F0 BOARD] WARN: Batter 'Dube' runs regression 31→22 (-9) rejected — dropping balls 13 too (whole-row invalidation)
[09:48:00 F0 BOARD] INFO:   [RUNS-REJECT-STREAK] Dube=22 streak=3/5 (cur=31 held)
[09:48:00 F0 BOARD] WARN: Batter 'Dube' runs regression 31→22 (-9) rejected — dropping balls 13 too (whole-row invalidation)
[09:48:00 F0 BOARD] INFO:   [RUNS-REJECT-STREAK] Dube=22 streak=4/5 (cur=31 held)
[09:48:00 F0 BOARD] WARN: Batter 'Dube' runs regression 31→22 (-9) rejected — dropping balls 13 too (whole-row invalidation)
[09:48:00 F0 BOARD] INFO:   [RUNS-REJECT-STREAK] Dube=22 streak=5/5 (cur=31 held)
[09:48:00 F0 BOARD] WARN:   [RUNS-REJECT-RELEASE] Dube: 5 consecutive rejections of runs=22 (cur=31) — accepting as new truth (current value is stale phantom). force_set bat:Dube:runs, balls.
[09:48:00 F0 BOARD] INFO: Dube: 31(28) -> 22(13) [F104]
[09:48:00 F0 BOARD] INFO: Scorecards built: BAT (5 bat) vs BOWL (2 bowl)
[09:48:00 F0 BOARD] WARN: Batter 'Dube' runs regression 31→22 (-9) rejected — dropping balls 13 too (whole-row invalidation)
[09:48:00 F0 BOARD] INFO:   [RUNS-REJECT-STREAK] Dube=22 streak=1/5 (cur=31 held)
[09:48:00 F0 BOARD] WARN: Batter 'Dube' runs regression 31→22 (-9) rejected — dropping balls 14 too (whole-row invalidation)
[09:48:00 F0 BOARD] INFO:   [RUNS-REJECT-STREAK] Dube=22 streak=2/5 (cur=31 held)
[09:48:00 F0 BOARD] WARN: Batter 'Dube' runs regression 31→22 (-9) rejected — dropping balls 15 too (whole-row invalidation)
[09:48:00 F0 BOARD] INFO:   [RUNS-REJECT-STREAK] Dube=22 streak=3/5 (cur=31 held)
[09:48:00 F0 BOARD] WARN: Batter 'Dube' runs regression 31→20 (-11) rejected — dropping balls 16 too (whole-row invalidation)
[09:48:00 F0 BOARD] INFO:   [RUNS-REJECT-STREAK] Dube=20 streak=1/5 (cur=31 held)
[09:48:00 F0 BOARD] INFO: Scorecards built: BAT (5 bat) vs BOWL (2 bowl)
[09:48:00 F0 BOARD] WARN: Batter 'Dube' runs regression 31→22 (-9) rejected — dropping balls 13 too (whole-row invalidation)
[09:48:00 F0 BOARD] INFO:   [RUNS-REJECT-STREAK] Dube=22 streak=1/5 (cur=31 held)
[09:48:00 F0 BOARD] WARN: Batter 'Dube' runs regression 31→22 (-9) rejected — dropping balls 14 too (whole-row invalidation)
[09:48:00 F0 BOARD] INFO:   [RUNS-REJECT-STREAK] Dube=22 streak=2/5 (cur=31 held)
[09:48:00 F0 BOARD] WARN: Batter 'Dube' runs regression 31→22 (-9) rejected — dropping balls 15 too (whole-row invalidation)
[09:48:00 F0 BOARD] INFO:   [RUNS-REJECT-STREAK] Dube=22 streak=3/5 (cur=31 held)
[09:48:00 F0 TRACK] INFO: bat:Dube:runs: 31 → 32 (fast-confirm, natural increment F110)
[09:48:00 F0 TRACK] INFO: bat:Dube:balls: 28 → 29 (fast-confirm, natural increment F110)
[09:48:00 F0 BOARD] INFO: Dube: 31(28) -> 32(29) [F110]
[09:48:00 F0 BOARD] INFO: Scorecards built: BAT (5 bat) vs BOWL (2 bowl)
[09:48:00 F0 BOARD] WARN: Batter 'Player' runs regression 22→0 rejected — dropping balls 0 too (whole-row invalidation)
[09:48:00 F0 BOARD] INFO:   [RUNS-REJECT-STREAK] Player=0 streak=1/5 (cur=22 held)
[09:48:00 F0 BOARD] WARN: Batter 'Player' runs regression 22→0 rejected — dropping balls 0 too (whole-row invalidation)
[09:48:00 F0 BOARD] INFO:   [RUNS-REJECT-STREAK] Player=0 streak=2/5 (cur=22 held)
[09:48:00 F0 BOARD] WARN: Batter 'Player' runs regression 22→0 rejected — dropping balls 0 too (whole-row invalidation)
[09:48:00 F0 BOARD] INFO:   [RUNS-REJECT-STREAK] Player=0 streak=3/5 (cur=22 held)
[09:48:00 F0 BOARD] WARN: Batter 'Player' runs regression 22→0 rejected — dropping balls 0 too (whole-row invalidation)
[09:48:00 F0 BOARD] INFO:   [RUNS-REJECT-STREAK] Player=0 streak=4/5 (cur=22 held)
[09:48:00 F0 BOARD] WARN: Batter 'Player' runs regression 22→0 rejected — dropping balls 0 too (whole-row invalidation)
[09:48:00 F0 BOARD] INFO:   [RUNS-REJECT-STREAK] Player=0 streak=5/5 (cur=22 held)
[09:48:00 F0 BOARD] WARN:   [RUNS-REJECT-RELEASE] Player: 5 consecutive rejections of runs=0 (cur=22) — accepting as new truth (current value is stale phantom). force_set bat:Player:runs, balls.
[09:48:00 F0 BOARD] INFO: Player: 22(18) -> 0(0) [F104]
[09:48:00 F0 BOARD] INFO: Scorecards built: BAT (5 bat) vs BOWL (2 bowl)
[09:48:00 F0 BOARD] WARN: Batter 'Dube' runs regression 31→22 (-9) rejected — dropping balls 13 too (whole-row invalidation)
[09:48:00 F0 BOARD] INFO:   [RUNS-REJECT-STREAK] Dube=22 streak=1/5 (cur=31 held)
[09:48:00 F0 BOARD] WARN: Batter 'Dube' runs regression 31→22 (-9) rejected — dropping balls 13 too (whole-row invalidation)
[09:48:00 F0 BOARD] INFO:   [RUNS-REJECT-STREAK] Dube=22 streak=2/5 (cur=31 held)
[09:48:00 F0 BOARD] WARN: Batter 'Dube' runs regression 31→22 (-9) rejected — dropping balls 13 too (whole-row invalidation)
[09:48:00 F0 BOARD] INFO:   [RUNS-REJECT-STREAK] Dube=22 streak=3/5 (cur=31 held)
[09:48:00 F0 BOARD] WARN: Batter 'Dube' runs regression 31→22 (-9) rejected — dropping balls 13 too (whole-row invalidation)
[09:48:00 F0 BOARD] INFO:   [RUNS-REJECT-STREAK] Dube=22 streak=4/5 (cur=31 held)
[09:48:00 F0 BOARD] WARN: Batter 'Dube' runs regression 31→22 (-9) rejected — dropping balls 13 too (whole-row invalidation)
[09:48:00 F0 BOARD] INFO:   [RUNS-REJECT-STREAK] Dube=22 streak=5/5 (cur=31 held)
[09:48:00 F0 BOARD] WARN:   [RUNS-REJECT-RELEASE] Dube: 5 consecutive rejections of runs=22 (cur=31) — accepting as new truth (current value is stale phantom). force_set bat:Dube:runs, balls.
[09:48:00 F0 BOARD] INFO: Dube: 31(28) -> 22(13) [F1771]
[09:48:00 F0 BOARD] INFO: Scorecards built: BAT (5 bat) vs BOWL (2 bowl)
[09:48:00 F0 BOARD] WARN: Batter 'Dube' runs regression 31→22 (-9) rejected — dropping balls 13 too (whole-row invalidation)
[09:48:00 F0 BOARD] INFO:   [RUNS-REJECT-STREAK] Dube=22 streak=1/5 (cur=31 held)
[09:48:00 F0 BOARD] WARN: Batter 'Dube' runs regression 31→22 (-9) rejected — dropping balls 13 too (whole-row invalidation)
[09:48:00 F0 BOARD] INFO:   [RUNS-REJECT-STREAK] Dube=22 streak=2/5 (cur=31 held)
[09:48:00 F0 BOARD] WARN: Batter 'Dube' runs regression 31→22 (-9) rejected — dropping balls 13 too (whole-row invalidation)
[09:48:00 F0 BOARD] INFO:   [RUNS-REJECT-STREAK] Dube=22 streak=3/5 (cur=31 held)
[09:48:00 F0 BOARD] WARN: Batter 'Dube' runs regression 31→22 (-9) rejected — dropping balls 13 too (whole-row invalidation)
[09:48:00 F0 BOARD] INFO:   [RUNS-REJECT-STREAK] Dube=22 streak=4/5 (cur=31 held)
[09:48:00 F0 BOARD] WARN: Batter 'Dube' runs regression 31→22 (-9) rejected — dropping balls 13 too (whole-row invalidation)
[09:48:00 F0 BOARD] INFO:   [RUNS-REJECT-STREAK] Dube=22 streak=5/5 (cur=31 held)
[09:48:00 F0 BOARD] WARN:   [RUNS-REJECT-RELEASE] Dube: 5 consecutive rejections of runs=22 (cur=31) — accepting as new truth (current value is stale phantom). force_set bat:Dube:runs, balls.
[09:48:00 F0 BOARD] INFO: Dube: 31(28) -> 22(13) [F104]
[09:48:00 F0 BOARD] INFO: Scorecards built: BAT (5 bat) vs BOWL (2 bowl)
[09:48:00 F0 BOARD] WARN: Batter 'Dube' runs regression 31→22 (-9) rejected — dropping balls 13 too (whole-row invalidation)
[09:48:00 F0 BOARD] INFO:   [RUNS-REJECT-STREAK] Dube=22 streak=1/5 (cur=31 held)
[09:48:00 F0 BOARD] WARN: Batter 'Dube' runs regression 31→22 (-9) rejected — dropping balls 13 too (whole-row invalidation)
[09:48:00 F0 BOARD] INFO:   [RUNS-REJECT-STREAK] Dube=22 streak=2/5 (cur=31 held)
[09:48:00 F0 BOARD] WARN: Batter 'Dube' runs regression 31→22 (-9) rejected — dropping balls 13 too (whole-row invalidation)
[09:48:00 F0 BOARD] INFO:   [RUNS-REJECT-STREAK] Dube=22 streak=3/5 (cur=31 held)
[09:48:00 F0 BOARD] WARN: Batter 'Dube' runs regression 31→22 (-9) rejected — dropping balls 13 too (whole-row invalidation)
[09:48:00 F0 BOARD] INFO:   [RUNS-REJECT-STREAK] Dube=22 streak=4/5 (cur=31 held)
[09:48:00 F0 BOARD] WARN: Batter 'Other' runs regression 25→10 (-15) rejected — dropping balls 12 too (whole-row invalidation)
[09:48:00 F0 BOARD] INFO:   [RUNS-REJECT-STREAK] Other=10 streak=1/5 (cur=25 held)
[09:48:00 F0 BOARD] INFO: Scorecards built: BAT (5 bat) vs BOWL (2 bowl)
[09:48:00 F0 BOARD] WARN: Batter 'Dube' runs regression 31→22 (-9) rejected — dropping balls 13 too (whole-row invalidation)
[09:48:00 F0 BOARD] INFO:   [RUNS-REJECT-STREAK] Dube=22 streak=1/5 (cur=31 held)
[09:48:00 F0 BOARD] WARN: Batter 'Dube' runs regression 31→22 (-9) rejected — dropping balls 14 too (whole-row invalidation)
[09:48:00 F0 BOARD] INFO:   [RUNS-REJECT-STREAK] Dube=22 streak=2/5 (cur=31 held)
[09:48:00 F0 BOARD] WARN: Batter 'Dube' runs regression 31→22 (-9) rejected — dropping balls 15 too (whole-row invalidation)
[09:48:00 F0 BOARD] INFO:   [RUNS-REJECT-STREAK] Dube=22 streak=3/5 (cur=31 held)
[09:48:00 F0 BOARD] INFO: [INNINGS] Set to 2. Target: 160. All trackers reset.
