WARNING ⚠️ torchvision==0.26 is incompatible with torch==2.10.
Run 'pip install torchvision==0.25' to fix torchvision or 'pip install -U torch torchvision' to update both.
For a full compatibility table see https://github.com/pytorch/vision#installation
Traceback (most recent call last):
  File "/Users/anmolmohan/Projects/SportsComm/files/test_pipeline.py", line 10806, in <module>
    asyncio.run(main())
  File "/opt/homebrew/Cellar/python@3.12/3.12.13/Frameworks/Python.framework/Versions/3.12/lib/python3.12/asyncio/runners.py", line 195, in run
    return runner.run(main)
           ^^^^^^^^^^^^^^^^
  File "/opt/homebrew/Cellar/python@3.12/3.12.13/Frameworks/Python.framework/Versions/3.12/lib/python3.12/asyncio/runners.py", line 118, in run
    return self._loop.run_until_complete(task)
           ^^^^^^^^^^^^^^^^^^^^^^^^^^^^^^^^^^^
  File "/opt/homebrew/Cellar/python@3.12/3.12.13/Frameworks/Python.framework/Versions/3.12/lib/python3.12/asyncio/base_events.py", line 691, in run_until_complete
    return future.result()
           ^^^^^^^^^^^^^^^
  File "/Users/anmolmohan/Projects/SportsComm/files/test_pipeline.py", line 10782, in main
    ws_server = await websockets.serve(
                ^^^^^^^^^^^^^^^^^^^^^^^
  File "/Users/anmolmohan/Projects/SportsComm/files/.venv/lib/python3.12/site-packages/websockets/asyncio/server.py", line 847, in __await_impl__
    server = await self.create_server
             ^^^^^^^^^^^^^^^^^^^^^^^^
  File "/opt/homebrew/Cellar/python@3.12/3.12.13/Frameworks/Python.framework/Versions/3.12/lib/python3.12/asyncio/base_events.py", line 1584, in create_server
    raise OSError(err.errno, msg) from None
OSError: [Errno 48] error while attempting to bind on address ('0.0.0.0', 8765): [errno 48] address already in use
