=== PARITY MONITOR — pipeline UI vs cricbuzz ===
WS:  ws://localhost:8765
CB:  https://www.cricbuzz.com/live-cricket-scores/151818/srh-vs-csk-27th-match-indian-premier-league-2026

[19:35:00  iter#1]
  WS ERR: "Multiple exceptions: [Errno 61] Connect call failed ('::1', 8765, 0, 0), [Errno 61] Connect call failed ('127.0.0.1', 8765)"
  CB: SRH 10-0 (1.1)  crr=8.57  ps=10(7)  recent=6
  CB BAT: Abhishek Sharma* 8(4), Travis Head 1(3)
  CB BOWL: Matthew Short 0-4 (1)
  ⚠ DIVERGENCE: BATTERS_MISSING_IN_UI: {'sharma', 'head'} (ui=set(), cb={'sharma', 'head'}) | BOWLER: ui=None cb=Matthew Short

[19:35:21  iter#2]
  UI: Sunrisers Hyderabad None-0 (None)  str=Travis Head nstr=Travis Head  bowl=None None-None (None)
  this_over=[]  fow=0 (unk=0)  last_fow=None
  delivery: (none yet on UI)
  extras: this_over=0 innings=0 [w0/nb0/b0/lb0]
  CB: SRH 10-0 (1.1)  crr=8.57  ps=10(7)  recent=6
  CB BAT: Abhishek Sharma* 8(4), Travis Head 1(3)
  CB BOWL: Matthew Short 0-4 (1)
  ⚠ DIVERGENCE: STRIKER: ui=Travis Head cb=Abhishek Sharma | BATTERS_MISSING_IN_UI: {'sharma'} (ui={'head'}, cb={'sharma', 'head'}) | BAT_sharma: ui=0(0) cb=8(4) | BAT_head: ui=0(0) cb=1(3) | BOWLER: ui=None cb=Matthew Short

[19:35:44  iter#3]
  UI: Sunrisers Hyderabad 12-0 (1.2)  str=Abhishek Sharma nstr=Travis Head  bowl=Mukesh Choudhary 0-8 (0.2)
  this_over=['?', '2']  fow=0 (unk=0)  last_fow=None
  delivery: len=full_toss line=unknown shot=along_ground [vlm]
  extras: this_over=0 innings=0 [w0/nb0/b0/lb0]
  CB: SRH 12-0 (1.2)  crr=9.0  ps=12(8)  recent=6 2
  CB BAT: Abhishek Sharma* 10(5), Travis Head 1(3)
  CB BOWL: Matthew Short 0-4 (1)
  ⚠ DIVERGENCE: BOWLER: ui=Mukesh Choudhary cb=Matthew Short

[19:36:07  iter#4]
  UI: Sunrisers Hyderabad 12-0 (1.2)  str=Travis Head nstr=Abhishek Sharma  bowl=Mukesh Choudhary 0-8 (0.2)
  this_over=['?', '2']  fow=0 (unk=0)  last_fow=None
  delivery: len=full_toss line=unknown shot=along_ground [vlm]
  extras: this_over=0 innings=0 [w0/nb0/b0/lb0]
  CB: SRH 13-0 (1.3)  crr=8.67  ps=13(9)  recent=6 2 1
  CB BAT: Travis Head* 1(3), Abhishek Sharma 11(6)
  CB BOWL: Matthew Short 0-4 (1)
  ⚠ DIVERGENCE: SCORE: ui=12 cb=13 | OVERS: ui=1.2 cb=1.3 | BAT_head: ui=10(5) cb=1(3) | BAT_sharma: ui=10(5) cb=11(6) | BOWLER: ui=Mukesh Choudhary cb=Matthew Short

[19:36:27  iter#5]
  UI: Sunrisers Hyderabad 13-0 (1.3)  str=Travis Head nstr=Abhishek Sharma  bowl=Mukesh Choudhary 0-9 (0.3)
  this_over=['?', '2', '1']  fow=0 (unk=0)  last_fow=None
  delivery: len=unknown line=unknown shot=along_ground [vlm]
  extras: this_over=0 innings=0 [w0/nb0/b0/lb0]
  CB: SRH 13-0 (1.3)  crr=8.67  ps=13(9)  recent=6 2 1
  CB BAT: Travis Head* 1(3), Abhishek Sharma 11(6)
  CB BOWL: Matthew Short 0-4 (1)
  ⚠ DIVERGENCE: BAT_head: ui=1(5) cb=1(3) | BOWLER: ui=Mukesh Choudhary cb=Matthew Short

[19:36:48  iter#6]
  UI: Sunrisers Hyderabad 13-0 (1.3)  str=Travis Head nstr=Abhishek Sharma  bowl=Mukesh Choudhary 0-9 (0.3)
  this_over=['?', '2', '1']  fow=0 (unk=0)  last_fow=None
  delivery: len=unknown line=unknown shot=along_ground [vlm]
  extras: this_over=0 innings=0 [w0/nb0/b0/lb0]
  CB: SRH 13-0 (1.4)  crr=7.8  ps=13(10)  recent=6 2 1 0
  CB BAT: Travis Head* 1(4), Abhishek Sharma 11(6)
  CB BOWL: Matthew Short 0-4 (1)
  ⚠ DIVERGENCE: OVERS: ui=1.3 cb=1.4 | BAT_head: ui=11(6) cb=1(4) | BOWLER: ui=Mukesh Choudhary cb=Matthew Short

[19:37:12  iter#7]
  UI: Sunrisers Hyderabad 13-0 (1.4)  str=Travis Head nstr=Abhishek Sharma  bowl=Mukesh Choudhary 0-9 (0.4)
  this_over=['?', '2', '1', '.']  fow=0 (unk=0)  last_fow=None
  delivery: len=unknown line=unknown shot=defended [vlm]
  extras: this_over=0 innings=0 [w0/nb0/b0/lb0]
  CB: SRH 13-0 (1.4)  crr=7.8  ps=13(10)  recent=6 2 1 0
  CB BAT: Travis Head* 1(4), Abhishek Sharma 11(6)
  CB BOWL: Matthew Short 0-4 (1)
  ⚠ DIVERGENCE: BAT_head: ui=11(6) cb=1(4) | BOWLER: ui=Mukesh Choudhary cb=Matthew Short

[19:37:38  iter#8]
  WS ERR: ''
  CB: SRH 13-0 (1.5)  crr=7.09  ps=13(11)  recent=6 2 1 0 0
  CB BAT: Travis Head* 1(5), Abhishek Sharma 11(6)
  CB BOWL: Matthew Short 0-4 (1)
  ⚠ DIVERGENCE: BATTERS_MISSING_IN_UI: {'sharma', 'head'} (ui=set(), cb={'sharma', 'head'}) | BOWLER: ui=None cb=Matthew Short

[19:37:58  iter#9]
  UI: Sunrisers Hyderabad 13-0 (1.5)  str=Abhishek Sharma nstr=Travis Head  bowl=Mukesh Choudhary 0-9 (0.5)
  this_over=['?', '2', '1', '.', '.']  fow=0 (unk=0)  last_fow=None
  delivery: len=unknown line=unknown shot=defended [vlm]
  extras: this_over=0 innings=0 [w0/nb0/b0/lb0]
  CB: SRH 13-0 (1.5)  crr=7.09  ps=13(11)  recent=... 0 1 0 1 1 W
  CB BAT: Travis Head* 1(5), Abhishek Sharma 11(6)
  CB BOWL: Matthew Short 0-4 (1)
  ⚠ DIVERGENCE: STRIKER: ui=Abhishek Sharma cb=Travis Head | BAT_head: ui=11(5) cb=1(5) | BOWLER: ui=Mukesh Choudhary cb=Matthew Short

[19:38:19  iter#10]
  UI: Sunrisers Hyderabad 13-0 (1.5)  str=Abhishek Sharma nstr=Travis Head  bowl=Mukesh Choudhary 0-9 (0.5)
  this_over=['?', '2', '1', '.', '.']  fow=0 (unk=0)  last_fow=None
  delivery: len=unknown line=unknown shot=defended [vlm]
  extras: this_over=0 innings=0 [w0/nb0/b0/lb0]
  CB: SRH 13-0 (1.5)  crr=7.09  ps=13(11)  recent=... 0 1 0 1 1 W
  CB BAT: Travis Head* 1(5), Abhishek Sharma 11(6)
  CB BOWL: Matthew Short 0-4 (1)
  ⚠ DIVERGENCE: STRIKER: ui=Abhishek Sharma cb=Travis Head | BOWLER: ui=Mukesh Choudhary cb=Matthew Short

[19:38:39  iter#11]
  UI: Sunrisers Hyderabad 13-0 (1.5)  str=Travis Head nstr=Abhishek Sharma  bowl=Mukesh Choudhary 0-9 (0.5)
  this_over=['?', '2', '1', '.', '.']  fow=0 (unk=0)  last_fow=None
  delivery: len=unknown line=unknown shot=defended [vlm]
  extras: this_over=0 innings=0 [w0/nb0/b0/lb0]
  CB: SRH 14-0 (2)  crr=7.0  ps=14(12)  recent=6 2 1 0 0
  CB BAT: Travis Head* 1(6), Abhishek Sharma 11(6)
  CB BOWL: Mukesh Choudhary 0-9 (1)
  ⚠ DIVERGENCE: SCORE: ui=13 cb=14 | OVERS: ui=1.5 cb=2 | BAT_head: ui=11(6) cb=1(6) | BAT_sharma: ui=11(5) cb=11(6) | BOWL_O: ui=0.5 cb=1

[19:39:02  iter#12]
  UI: Sunrisers Hyderabad 13-0 (1.5)  str=Travis Head nstr=Abhishek Sharma  bowl=Mukesh Choudhary 0-9 (0.5)
  this_over=['?', '2', '1', '.', '.']  fow=0 (unk=0)  last_fow=None
  delivery: len=unknown line=unknown shot=defended [vlm]
  extras: this_over=0 innings=0 [w0/nb0/b0/lb0]
  CB: SRH 15-0 (2.1)  crr=6.92  ps=15(13)  recent=1
  CB BAT: Abhishek Sharma* 11(6), Travis Head 2(7)
  CB BOWL: Mukesh Choudhary 0-9 (1)
  ⚠ DIVERGENCE: SCORE: ui=13 cb=15 | OVERS: ui=1.5 cb=2.1 | STRIKER: ui=Travis Head cb=Abhishek Sharma | BAT_sharma: ui=11(5) cb=11(6) | BAT_head: ui=11(6) cb=2(7) | BOWL_O: ui=0.5 cb=1

[19:39:23  iter#13]
  UI: Sunrisers Hyderabad 15-0 (2.1)  str=Abhishek Sharma nstr=Travis Head  bowl=Mukesh Choudhary 0-9 (1)
  this_over=['1']  fow=0 (unk=0)  last_fow=None
  delivery: len=short line=unknown shot=along_ground [vlm]
  extras: this_over=0 innings=0 [w0/nb0/b0/lb0]
  CB: SRH 15-0 (2.1)  crr=6.92  ps=15(13)  recent=1
  CB BAT: Abhishek Sharma* 11(6), Travis Head 2(7)
  CB BOWL: Mukesh Choudhary 0-9 (1)
  ⚠ DIVERGENCE: BAT_head: ui=11(7) cb=2(7)
